Component: ARM Compiler 5.06 update 6 (build 750) Tool: armlink [4d35ed]

==============================================================================

Section Cross References

    main.o(i.main) refers to _printf_percent.o(.ARM.Collect$$_printf_percent$$00000000) for _printf_percent
    main.o(i.main) refers to _printf_d.o(.ARM.Collect$$_printf_percent$$00000009) for _printf_d
    main.o(i.main) refers to _printf_dec.o(.text) for _printf_int_dec
    main.o(i.main) refers to stm32f10x_rcc.o(i.RCC_APB2PeriphClockCmd) for RCC_APB2PeriphClockCmd
    main.o(i.main) refers to stm32f10x_gpio.o(i.GPIO_Init) for GPIO_Init
    main.o(i.main) refers to timer.o(i.delay_init) for delay_init
    main.o(i.main) refers to interrupt.o(i.interrupt_init) for interrupt_init
    main.o(i.main) refers to i2c_lcd.o(i.I2C_LCD_Setup) for I2C_LCD_Setup
    main.o(i.main) refers to i2c_lcd.o(i.I2C_LCD_Init) for I2C_LCD_Init
    main.o(i.main) refers to i2c_lcd.o(i.I2C_LCD_BackLight) for I2C_LCD_BackLight
    main.o(i.main) refers to i2c_lcd.o(i.I2C_LCD_Clear) for I2C_LCD_Clear
    main.o(i.main) refers to noretval__2sprintf.o(.text) for __2sprintf
    main.o(i.main) refers to i2c_lcd.o(i.I2C_LCD_Puts) for I2C_LCD_Puts
    main.o(i.main) refers to i2c_6050.o(i.I2C_MPU6050_Setup) for I2C_MPU6050_Setup
    main.o(i.main) refers to i2c_6050.o(i.I2C_MPU6050_Init) for I2C_MPU6050_Init
    main.o(i.main) refers to interrupt.o(i.read_interrupt) for read_interrupt
    main.o(i.main) refers to stm32f10x_gpio.o(i.GPIO_ResetBits) for GPIO_ResetBits
    main.o(i.main) refers to i2c_6050.o(i.CTR_READ_ACCEL_MPU3050) for CTR_READ_ACCEL_MPU3050
    main.o(i.main) refers to faddsub_clz.o(x$fpl$fadd) for __aeabi_fadd
    main.o(i.main) refers to fdiv.o(x$fpl$fdiv) for __aeabi_fdiv
    main.o(i.main) refers to faddsub_clz.o(x$fpl$fsub) for __aeabi_fsub
    main.o(i.main) refers to fmul.o(x$fpl$fmul) for __aeabi_fmul
    main.o(i.main) refers to f2d.o(x$fpl$f2d) for __aeabi_f2d
    main.o(i.main) refers to sqrt.o(i.sqrt) for sqrt
    main.o(i.main) refers to d2f.o(x$fpl$d2f) for __aeabi_d2f
    main.o(i.main) refers to frleqf.o(x$fpl$frleqf) for __aeabi_cfrcmple
    main.o(i.main) refers to fleqf.o(x$fpl$fleqf) for __aeabi_cfcmple
    main.o(i.main) refers to timer.o(i.Delay_Ms) for Delay_Ms
    main.o(i.main) refers to stm32f10x_gpio.o(i.GPIO_SetBits) for GPIO_SetBits
    main.o(i.main) refers to i2c_lcd.o(i.I2C_LCD_NewLine) for I2C_LCD_NewLine
    main.o(i.main) refers to main.o(.bss) for CTR_datasend
    main.o(i.main) refers to main.o(.data) for Trang_thai
    interrupt.o(i.EXTI0_IRQHandler) refers to stm32f10x_exti.o(i.EXTI_GetITStatus) for EXTI_GetITStatus
    interrupt.o(i.EXTI0_IRQHandler) refers to timer.o(i.Delay_Ms) for Delay_Ms
    interrupt.o(i.EXTI0_IRQHandler) refers to stm32f10x_exti.o(i.EXTI_ClearITPendingBit) for EXTI_ClearITPendingBit
    interrupt.o(i.EXTI0_IRQHandler) refers to interrupt.o(.data) for Trang_thai
    interrupt.o(i.EXTI1_IRQHandler) refers to stm32f10x_exti.o(i.EXTI_GetITStatus) for EXTI_GetITStatus
    interrupt.o(i.interrupt_init) refers to stm32f10x_rcc.o(i.RCC_APB2PeriphClockCmd) for RCC_APB2PeriphClockCmd
    interrupt.o(i.interrupt_init) refers to stm32f10x_gpio.o(i.GPIO_Init) for GPIO_Init
    interrupt.o(i.interrupt_init) refers to stm32f10x_gpio.o(i.GPIO_EXTILineConfig) for GPIO_EXTILineConfig
    interrupt.o(i.interrupt_init) refers to stm32f10x_exti.o(i.EXTI_Init) for EXTI_Init
    interrupt.o(i.interrupt_init) refers to misc.o(i.NVIC_Init) for NVIC_Init
    interrupt.o(i.read_interrupt) refers to interrupt.o(.data) for Trang_thai
    i2c.o(i.CTR_Single_Read) refers to i2c.o(i.i2c_start) for i2c_start
    i2c.o(i.CTR_Single_Read) refers to i2c.o(i.i2c_write) for i2c_write
    i2c.o(i.CTR_Single_Read) refers to i2c.o(i.i2c_stop) for i2c_stop
    i2c.o(i.CTR_Single_Read) refers to i2c.o(i.i2c_read) for i2c_read
    i2c.o(i.CTR_Single_Write) refers to i2c.o(i.i2c_start) for i2c_start
    i2c.o(i.CTR_Single_Write) refers to i2c.o(i.i2c_write) for i2c_write
    i2c.o(i.CTR_Single_Write) refers to i2c.o(i.i2c_stop) for i2c_stop
    i2c.o(i.CTR_Single_Write) refers to timer.o(i.Delay_Ms) for Delay_Ms
    i2c.o(i.I2C_Read) refers to i2c.o(i.i2c_start) for i2c_start
    i2c.o(i.I2C_Read) refers to i2c.o(i.i2c_write) for i2c_write
    i2c.o(i.I2C_Read) refers to i2c.o(i.i2c_stop) for i2c_stop
    i2c.o(i.I2C_Read) refers to i2c.o(i.i2c_read) for i2c_read
    i2c.o(i.I2C_Write) refers to i2c.o(i.i2c_start) for i2c_start
    i2c.o(i.I2C_Write) refers to i2c.o(i.i2c_write) for i2c_write
    i2c.o(i.I2C_Write) refers to i2c.o(i.i2c_stop) for i2c_stop
    i2c.o(i.My_I2C_Init) refers to i2c.o(i.i2c_init) for i2c_init
    i2c.o(i.SCL_0) refers to stm32f10x_gpio.o(i.GPIO_ResetBits) for GPIO_ResetBits
    i2c.o(i.SCL_0) refers to i2c.o(.data) for GPIO_PIN_y
    i2c.o(i.SCL_1) refers to stm32f10x_gpio.o(i.GPIO_SetBits) for GPIO_SetBits
[...]
    Removing stm32f10x_gpio.o(i.GPIO_AFIODeInit), (20 bytes).
    Removing stm32f10x_gpio.o(i.GPIO_DeInit), (200 bytes).
    Removing stm32f10x_gpio.o(i.GPIO_ETH_MediaInterfaceConfig), (12 bytes).
    Removing stm32f10x_gpio.o(i.GPIO_EventOutputCmd), (12 bytes).
    Removing stm32f10x_gpio.o(i.GPIO_EventOutputConfig), (32 bytes).
    Removing stm32f10x_gpio.o(i.GPIO_PinLockConfig), (18 bytes).
    Removing stm32f10x_gpio.o(i.GPIO_PinRemapConfig), (144 bytes).
    Removing stm32f10x_gpio.o(i.GPIO_ReadInputData), (8 bytes).
    Removing stm32f10x_gpio.o(i.GPIO_ReadOutputData), (8 bytes).
    Removing stm32f10x_gpio.o(i.GPIO_ReadOutputDataBit), (18 bytes).
    Removing stm32f10x_gpio.o(i.GPIO_StructInit), (16 bytes).
    Removing stm32f10x_gpio.o(i.GPIO_Write), (4 bytes).
    Removing stm32f10x_gpio.o(i.GPIO_WriteBit), (10 bytes).
    Removing stm32f10x_i2c.o(.rev16_text), (4 bytes).
    Removing stm32f10x_i2c.o(.revsh_text), (4 bytes).
    Removing stm32f10x_i2c.o(.rrx_text), (6 bytes).
    Removing stm32f10x_i2c.o(i.I2C_ARPCmd), (24 bytes).
    Removing stm32f10x_i2c.o(i.I2C_AcknowledgeConfig), (24 bytes).
    Removing stm32f10x_i2c.o(i.I2C_CalculatePEC), (24 bytes).
    Removing stm32f10x_i2c.o(i.I2C_CheckEvent), (42 bytes).
    Removing stm32f10x_i2c.o(i.I2C_ClearFlag), (12 bytes).
    Removing stm32f10x_i2c.o(i.I2C_ClearITPendingBit), (12 bytes).
    Removing stm32f10x_i2c.o(i.I2C_Cmd), (24 bytes).
    Removing stm32f10x_i2c.o(i.I2C_DMACmd), (24 bytes).
    Removing stm32f10x_i2c.o(i.I2C_DMALastTransferCmd), (24 bytes).
    Removing stm32f10x_i2c.o(i.I2C_DeInit), (56 bytes).
    Removing stm32f10x_i2c.o(i.I2C_DualAddressCmd), (24 bytes).
    Removing stm32f10x_i2c.o(i.I2C_FastModeDutyCycleConfig), (28 bytes).
    Removing stm32f10x_i2c.o(i.I2C_GeneralCallCmd), (24 bytes).
    Removing stm32f10x_i2c.o(i.I2C_GenerateSTART), (24 bytes).
    Removing stm32f10x_i2c.o(i.I2C_GenerateSTOP), (24 bytes).
    Removing stm32f10x_i2c.o(i.I2C_GetFlagStatus), (58 bytes).
    Removing stm32f10x_i2c.o(i.I2C_GetITStatus), (38 bytes).
    Removing stm32f10x_i2c.o(i.I2C_GetLastEvent), (26 bytes).
    Removing stm32f10x_i2c.o(i.I2C_GetPEC), (8 bytes).
    Removing stm32f10x_i2c.o(i.I2C_ITConfig), (18 bytes).
    Removing stm32f10x_i2c.o(i.I2C_Init), (236 bytes).
    Removing stm32f10x_i2c.o(i.I2C_NACKPositionConfig), (28 bytes).
    Removing stm32f10x_i2c.o(i.I2C_OwnAddress2Config), (22 bytes).
    Removing stm32f10x_i2c.o(i.I2C_PECPositionConfig), (28 bytes).
    Removing stm32f10x_i2c.o(i.I2C_ReadRegister), (22 bytes).
    Removing stm32f10x_i2c.o(i.I2C_ReceiveData), (8 bytes).
    Removing stm32f10x_i2c.o(i.I2C_SMBusAlertConfig), (28 bytes).
    Removing stm32f10x_i2c.o(i.I2C_Send7bitAddress), (18 bytes).
    Removing stm32f10x_i2c.o(i.I2C_SendData), (4 bytes).
    Removing stm32f10x_i2c.o(i.I2C_SoftwareResetCmd), (22 bytes).
    Removing stm32f10x_i2c.o(i.I2C_StretchClockCmd), (24 bytes).
    Removing stm32f10x_i2c.o(i.I2C_StructInit), (30 bytes).
    Removing stm32f10x_i2c.o(i.I2C_TransmitPEC), (24 bytes).
    Removing stm32f10x_rcc.o(.rev16_text), (4 bytes).
    Removing stm32f10x_rcc.o(.revsh_text), (4 bytes).
    Removing stm32f10x_rcc.o(.rrx_text), (6 bytes).
    Removing stm32f10x_rcc.o(i.RCC_ADCCLKConfig), (24 bytes).
    Removing stm32f10x_rcc.o(i.RCC_AHBPeriphClockCmd), (32 bytes).
    Removing stm32f10x_rcc.o(i.RCC_APB1PeriphResetCmd), (32 bytes).
    Removing stm32f10x_rcc.o(i.RCC_APB2PeriphResetCmd), (32 bytes).
    Removing stm32f10x_rcc.o(i.RCC_AdjustHSICalibrationValue), (24 bytes).
    Removing stm32f10x_rcc.o(i.RCC_BackupResetCmd), (12 bytes).
    Removing stm32f10x_rcc.o(i.RCC_ClearFlag), (20 bytes).
    Removing stm32f10x_rcc.o(i.RCC_ClearITPendingBit), (12 bytes).
    Removing stm32f10x_rcc.o(i.RCC_ClockSecuritySystemCmd), (12 bytes).
    Removing stm32f10x_rcc.o(i.RCC_DeInit), (76 bytes).
    Removing stm32f10x_rcc.o(i.RCC_GetClocksFreq), (212 bytes).
    Removing stm32f10x_rcc.o(i.RCC_GetFlagStatus), (60 bytes).
    Removing stm32f10x_rcc.o(i.RCC_GetITStatus), (24 bytes).
    Removing stm32f10x_rcc.o(i.RCC_GetSYSCLKSource), (16 bytes).
    Removing stm32f10x_rcc.o(i.RCC_HCLKConfig), (24 bytes).
    Removing stm32f10x_rcc.o(i.RCC_HSEConfig), (76 bytes).
    Removing stm32f10x_rcc.o(i.RCC_HSICmd), (12 bytes).
    Removing stm32f10x_rcc.o(i.RCC_ITConfig), (32 bytes).
    Removing stm32f10x_rcc.o(i.RCC_LSEConfig), (52 bytes).
    Removing stm32f10x_rcc.o(i.RCC_LSICmd), (12 bytes).
    Removing stm32f10x_rcc.o(i.RCC_MCOConfig), (12 bytes).
    Removing stm32f10x_rcc.o(i.RCC_PCLK1Config), (24 bytes).
    Removing stm32f10x_rcc.o(i.RCC_PCLK2Config), (24 bytes).
    Removing stm32f10x_rcc.o(i.RCC_PLLCmd), (12 bytes).
    Removing stm32f10x_rcc.o(i.RCC_PLLConfig), (28 bytes).
    Removing stm32f10x_rcc.o(i.RCC_RTCCLKCmd), (12 bytes).
    Removing stm32f10x_rcc.o(i.RCC_RTCCLKConfig), (16 bytes).
    Removing stm32f10x_rcc.o(i.RCC_SYSCLKConfig), (24 bytes).
    Removing stm32f10x_rcc.o(i.RCC_USBCLKConfig), (12 bytes).
    Removing stm32f10x_rcc.o(i.RCC_WaitForHSEStartUp), (56 bytes).
    Removing stm32f10x_rcc.o(.data), (20 bytes).
    Removing stm32f10x_tim.o(.rev16_text), (4 bytes).
    Removing stm32f10x_tim.o(.revsh_text), (4 bytes).
    Removing stm32f10x_tim.o(.rrx_text), (6 bytes).
    Removing stm32f10x_tim.o(i.TI1_Config), (128 bytes).
    Removing stm32f10x_tim.o(i.TI2_Config), (152 bytes).
    Removing stm32f10x_tim.o(i.TI3_Config), (144 bytes).
    Removing stm32f10x_tim.o(i.TI4_Config), (152 bytes).
    Removing stm32f10x_tim.o(i.TIM_ARRPreloadConfig), (24 bytes).
    Removing stm32f10x_tim.o(i.TIM_BDTRConfig), (32 bytes).
    Removing stm32f10x_tim.o(i.TIM_BDTRStructInit), (18 bytes).
    Removing stm32f10x_tim.o(i.TIM_CCPreloadControl), (24 bytes).
    Removing stm32f10x_tim.o(i.TIM_CCxCmd), (30 bytes).
    Removing stm32f10x_tim.o(i.TIM_CCxNCmd), (30 bytes).
    Removing stm32f10x_tim.o(i.TIM_ClearFlag), (6 bytes).
    Removing stm32f10x_tim.o(i.TIM_ClearITPendingBit), (6 bytes).
    Removing stm32f10x_tim.o(i.TIM_ClearOC1Ref), (18 bytes).
    Removing stm32f10x_tim.o(i.TIM_ClearOC2Ref), (24 bytes).
    Removing stm32f10x_tim.o(i.TIM_ClearOC3Ref), (18 bytes).
    Removing stm32f10x_tim.o(i.TIM_ClearOC4Ref), (24 bytes).
    Removing stm32f10x_tim.o(i.TIM_CounterModeConfig), (18 bytes).
    Removing stm32f10x_tim.o(i.TIM_CtrlPWMOutputs), (30 bytes).
    Removing stm32f10x_tim.o(i.TIM_DMACmd), (18 bytes).
    Removing stm32f10x_tim.o(i.TIM_DMAConfig), (10 bytes).
    Removing stm32f10x_tim.o(i.TIM_DeInit), (488 bytes).
    Removing stm32f10x_tim.o(i.TIM_ETRClockMode1Config), (54 bytes).
    Removing stm32f10x_tim.o(i.TIM_ETRClockMode2Config), (32 bytes).
    Removing stm32f10x_tim.o(i.TIM_ETRConfig), (28 bytes).
    Removing stm32f10x_tim.o(i.TIM_EncoderInterfaceConfig), (66 bytes).
    Removing stm32f10x_tim.o(i.TIM_ForcedOC1Config), (18 bytes).
    Removing stm32f10x_tim.o(i.TIM_ForcedOC2Config), (26 bytes).
    Removing stm32f10x_tim.o(i.TIM_ForcedOC3Config), (18 bytes).
    Removing stm32f10x_tim.o(i.TIM_ForcedOC4Config), (26 bytes).
    Removing stm32f10x_tim.o(i.TIM_GenerateEvent), (4 bytes).
    Removing stm32f10x_tim.o(i.TIM_GetCapture1), (6 bytes).
    Removing stm32f10x_tim.o(i.TIM_GetCapture2), (6 bytes).
    Removing stm32f10x_tim.o(i.TIM_GetCapture3), (6 bytes).
    Removing stm32f10x_tim.o(i.TIM_GetCapture4), (8 bytes).
    Removing stm32f10x_tim.o(i.TIM_GetFlagStatus), (18 bytes).
    Removing stm32f10x_tim.o(i.TIM_GetITStatus), (34 bytes).
    Removing stm32f10x_tim.o(i.TIM_GetPrescaler), (6 bytes).
    Removing stm32f10x_tim.o(i.TIM_ICInit), (172 bytes).
    Removing stm32f10x_tim.o(i.TIM_ICStructInit), (18 bytes).
    Removing stm32f10x_tim.o(i.TIM_ITConfig), (18 bytes).
    Removing stm32f10x_tim.o(i.TIM_ITRxExternalClockConfig), (24 bytes).
    Removing stm32f10x_tim.o(i.TIM_InternalClockConfig), (12 bytes).
    Removing stm32f10x_tim.o(i.TIM_OC1FastConfig), (18 bytes).
    Removing stm32f10x_tim.o(i.TIM_OC1Init), (152 bytes).
    Removing stm32f10x_tim.o(i.TIM_OC1NPolarityConfig), (18 bytes).
    Removing stm32f10x_tim.o(i.TIM_OC1PolarityConfig), (18 bytes).
    Removing stm32f10x_tim.o(i.TIM_OC1PreloadConfig), (18 bytes).
    Removing stm32f10x_tim.o(i.TIM_OC2FastConfig), (26 bytes).
    Removing stm32f10x_tim.o(i.TIM_OC2Init), (164 bytes).
    Removing stm32f10x_tim.o(i.TIM_OC2NPolarityConfig), (26 bytes).
    Removing stm32f10x_tim.o(i.TIM_OC2PolarityConfig), (26 bytes).
    Removing stm32f10x_tim.o(i.TIM_OC2PreloadConfig), (26 bytes).
    Removing stm32f10x_tim.o(i.TIM_OC3FastConfig), (18 bytes).
    Removing stm32f10x_tim.o(i.TIM_OC3Init), (160 bytes).
    Removing stm32f10x_tim.o(i.TIM_OC3NPolarityConfig), (26 bytes).
    Removing stm32f10x_tim.o(i.TIM_OC3PolarityConfig), (26 bytes).
    Removing stm32f10x_tim.o(i.TIM_OC3PreloadConfig), (18 bytes).
    Removing stm32f10x_tim.o(i.TIM_OC4FastConfig), (26 bytes).
    Removing stm32f10x_tim.o(i.TIM_OC4Init), (124 bytes).
    Removing stm32f10x_tim.o(i.TIM_OC4PolarityConfig), (26 bytes).
    Removing stm32f10x_tim.o(i.TIM_OC4PreloadConfig), (26 bytes).
    Removing stm32f10x_tim.o(i.TIM_OCStructInit), (20 bytes).
    Removing stm32f10x_tim.o(i.TIM_PWMIConfig), (124 bytes).
    Removing stm32f10x_tim.o(i.TIM_PrescalerConfig), (6 bytes).
    Removing stm32f10x_tim.o(i.TIM_SelectCCDMA), (24 bytes).
    Removing stm32f10x_tim.o(i.TIM_SelectCOM), (24 bytes).
    Removing stm32f10x_tim.o(i.TIM_SelectHallSensor), (24 bytes).
    Removing stm32f10x_tim.o(i.TIM_SelectInputTrigger), (18 bytes).
    Removing stm32f10x_tim.o(i.TIM_SelectMasterSlaveMode), (18 bytes).
    Removing stm32f10x_tim.o(i.TIM_SelectOCxM), (82 bytes).
    Removing stm32f10x_tim.o(i.TIM_SelectOnePulseMode), (18 bytes).
    Removing stm32f10x_tim.o(i.TIM_SelectOutputTrigger), (18 bytes).
    Removing stm32f10x_tim.o(i.TIM_SelectSlaveMode), (18 bytes).
    Removing stm32f10x_tim.o(i.TIM_SetAutoreload), (4 bytes).
    Removing stm32f10x_tim.o(i.TIM_SetClockDivision), (18 bytes).
    Removing stm32f10x_tim.o(i.TIM_SetCompare1), (4 bytes).
    Removing stm32f10x_tim.o(i.TIM_SetCompare2), (4 bytes).
    Removing stm32f10x_tim.o(i.TIM_SetCompare3), (4 bytes).
    Removing stm32f10x_tim.o(i.TIM_SetCompare4), (6 bytes).
    Removing stm32f10x_tim.o(i.TIM_SetIC1Prescaler), (18 bytes).
    Removing stm32f10x_tim.o(i.TIM_SetIC2Prescaler), (26 bytes).
    Removing stm32f10x_tim.o(i.TIM_SetIC3Prescaler), (18 bytes).
    Removing stm32f10x_tim.o(i.TIM_SetIC4Prescaler), (26 bytes).
    Removing stm32f10x_tim.o(i.TIM_TIxExternalClockConfig), (62 bytes).
    Removing stm32f10x_tim.o(i.TIM_TimeBaseStructInit), (18 bytes).
    Removing stm32f10x_tim.o(i.TIM_UpdateDisableConfig), (24 bytes).
    Removing stm32f10x_tim.o(i.TIM_UpdateRequestConfig), (24 bytes).
    Removing system_stm32f10x.o(.rev16_text), (4 bytes).
    Removing system_stm32f10x.o(.revsh_text), (4 bytes).
    Removing system_stm32f10x.o(.rrx_text), (6 bytes).
    Removing system_stm32f10x.o(i.SystemCoreClockUpdate), (164 bytes).
    Removing system_stm32f10x.o(.data), (20 bytes).

215 unused section(s) (total 6814 bytes) removed from the image.

==============================================================================

Image Symbol Table

    Local Symbols

    Symbol Name                              Value     Ov Type        Size  Object(Section)

    ../clib/angel/boardlib.s                 0x00000000   Number         0  boardinit1.o ABSOLUTE
    ../clib/angel/boardlib.s                 0x00000000   Number         0  boardinit3.o ABSOLUTE
    ../clib/angel/boardlib.s                 0x00000000   Number         0  boardinit2.o ABSOLUTE
    ../clib/angel/boardlib.s                 0x00000000   Number         0  boardshut.o ABSOLUTE
    ../clib/angel/handlers.s                 0x00000000   Number         0  __scatter_zi.o ABSOLUTE
    ../clib/angel/handlers.s                 0x00000000   Number         0  __scatter_copy.o ABSOLUTE
    ../clib/angel/kernel.s                   0x00000000   Number         0  rtexit.o ABSOLUTE
    ../clib/angel/kernel.s                   0x00000000   Number         0  rtexit2.o ABSOLUTE
    ../clib/angel/kernel.s                   0x00000000   Number         0  __rtentry4.o ABSOLUTE
    ../clib/angel/kernel.s                   0x00000000   Number         0  __rtentry2.o ABSOLUTE
    ../clib/angel/kernel.s                   0x00000000   Number         0  __rtentry.o ABSOLUTE
    ../clib/angel/rt.s                       0x00000000   Number         0  rt_errno_addr_intlibspace.o ABSOLUTE
    ../clib/angel/rt.s                       0x00000000   Number         0  rt_errno_addr.o ABSOLUTE
    ../clib/angel/rt.s                       0x00000000   Number         0  rt_raise.o ABSOLUTE
    ../clib/angel/scatter.s                  0x00000000   Number         0  __scatter.o ABSOLUTE
    ../clib/angel/startup.s                  0x00000000   Number         0  __main.o ABSOLUTE
    ../clib/angel/sys.s                      0x00000000   Number         0  indicate_semi.o ABSOLUTE
    ../clib/angel/sys.s                      0x00000000   Number         0  use_no_semi.o ABSOLUTE
    ../clib/angel/sys.s                      0x00000000   Number         0  sys_stackheap_outer.o ABSOLUTE
    ../clib/angel/sys.s                      0x00000000   Number         0  libspace.o ABSOLUTE
    ../clib/angel/sysapp.c                   0x00000000   Number         0  sys_exit.o ABSOLUTE
    ../clib/angel/sysapp.c                   0x00000000   Number         0  sys_wrch.o ABSOLUTE
    ../clib/angel/sysapp.c                   0x00000000   Number         0  sys_command.o ABSOLUTE
    ../clib/armsys.c                         0x00000000   Number         0  argv_veneer.o ABSOLUTE
    ../clib/armsys.c                         0x00000000   Number         0  argv_veneer.o ABSOLUTE
    ../clib/armsys.c                         0x00000000   Number         0  _get_argv_nomalloc.o ABSOLUTE
    ../clib/armsys.c                         0x00000000   Number         0  no_argv.o ABSOLUTE
    ../clib/fenv.c                           0x00000000   Number         0  _rserrno.o ABSOLUTE
    ../clib/heapalloc.c                      0x00000000   Number         0  hrguard.o ABSOLUTE
    ../clib/heapaux.c                        0x00000000   Number         0  heapauxi.o ABSOLUTE
    ../clib/libinit.s                        0x00000000   Number         0  libshutdown2.o ABSOLUTE
    ../clib/libinit.s                        0x00000000   Number         0  libinit.o ABSOLUTE
    ../clib/libinit.s                        0x00000000   Number         0  libshutdown.o ABSOLUTE
    ../clib/libinit.s                        0x00000000   Number         0  libinit2.o ABSOLUTE
    ../clib/printf.c                         0x00000000   Number         0  __printf_wp.o ABSOLUTE
    ../clib/printf.c                         0x00000000   Number         0  __printf_nopercent.o ABSOLUTE
    ../clib/printf.c                         0x00000000   Number         0  _sputc.o ABSOLUTE
    ../clib/printf.c                         0x00000000   Number         0  __printf_ss_wp.o ABSOLUTE
    ../clib/printf.c                         0x00000000   Number         0  _printf_intcommon.o ABSOLUTE
    ../clib/printf.c                         0x00000000   Number         0  __printf_flags_wp.o ABSOLUTE
    ../clib/printf.c                         0x00000000   Number         0  __printf_ss.o ABSOLUTE
    ../clib/printf.c                         0x00000000   Number         0  __printf_flags_ss_wp.o ABSOLUTE
    ../clib/printf.c                         0x00000000   Number         0  _printf_char_common.o ABSOLUTE
    ../clib/printf.c                         0x00000000   Number         0  __2sprintf.o ABSOLUTE
    ../clib/printf.c                         0x00000000   Number         0  __printf.o ABSOLUTE
    ../clib/printf.c                         0x00000000   Number         0  _printf_dec.o ABSOLUTE
    ../clib/printf.c                         0x00000000   Number         0  __printf_flags.o ABSOLUTE
    ../clib/printf.c                         0x00000000   Number         0  __printf_flags_ss.o ABSOLUTE
    ../clib/printf.c                         0x00000000   Number         0  noretval__2sprintf.o ABSOLUTE
    ../clib/printf_percent.s                 0x00000000   Number         0  _printf_d.o ABSOLUTE
    ../clib/printf_percent.s                 0x00000000   Number         0  _printf_percent.o ABSOLUTE
    ../clib/printf_percent.s                 0x00000000   Number         0  _printf_percent_end.o ABSOLUTE
    ../clib/signal.c                         0x00000000   Number         0  defsig_stak_inner.o ABSOLUTE
    ../clib/signal.c                         0x00000000   Number         0  defsig_pvfn_inner.o ABSOLUTE
    ../clib/signal.c                         0x00000000   Number         0  __raise.o ABSOLUTE
    ../clib/signal.c                         0x00000000   Number         0  defsig_rtmem_inner.o ABSOLUTE
    ../clib/signal.c                         0x00000000   Number         0  defsig_cppl_inner.o ABSOLUTE
    ../clib/signal.c                         0x00000000   Number         0  defsig_segv_inner.o ABSOLUTE
    ../clib/signal.c                         0x00000000   Number         0  defsig_other.o ABSOLUTE
    ../clib/signal.c                         0x00000000   Number         0  defsig_rtmem_formal.o ABSOLUTE
    ../clib/signal.c                         0x00000000   Number         0  defsig_rtmem_outer.o ABSOLUTE
    ../clib/signal.c                         0x00000000   Number         0  defsig_exit.o ABSOLUTE
    ../clib/signal.c                         0x00000000   Number         0  defsig_general.o ABSOLUTE
    ../clib/signal.c                         0x00000000   Number         0  defsig_fpe_inner.o ABSOLUTE
    ../clib/signal.c                         0x00000000   Number         0  defsig_abrt_inner.o ABSOLUTE
    ../clib/signal.c                         0x00000000   Number         0  defsig_rtred_inner.o ABSOLUTE
    ../clib/signal.s                         0x00000000   Number         0  defsig.o ABSOLUTE
    ../clib/stdlib.c                         0x00000000   Number         0  exit.o ABSOLUTE
    ../fplib/d2f.s                           0x00000000   Number         0  d2f.o ABSOLUTE
    ../fplib/dcmpi.s                         0x00000000   Number         0  dcmpi.o ABSOLUTE
    ../fplib/ddiv.s                          0x00000000   Number         0  ddiv.o ABSOLUTE
    ../fplib/dflt.s                          0x00000000   Number         0  dflt_clz.o ABSOLUTE
    ../fplib/dleqf.s                         0x00000000   Number         0  dleqf.o ABSOLUTE
    ../fplib/dnaninf.s                       0x00000000   Number         0  dnaninf.o ABSOLUTE
    ../fplib/dretinf.s                       0x00000000   Number         0  dretinf.o ABSOLUTE
    ../fplib/dsqrt.s                         0x00000000   Number         0  dsqrt_noumaal.o ABSOLUTE
    ../fplib/f2d.s                           0x00000000   Number         0  f2d.o ABSOLUTE
    ../fplib/faddsub.s                       0x00000000   Number         0  faddsub_clz.o ABSOLUTE
    ../fplib/fcmpi.s                         0x00000000   Number         0  fcmpi.o ABSOLUTE
    ../fplib/fdiv.s                          0x00000000   Number         0  fdiv.o ABSOLUTE
    ../fplib/fleqf.s                         0x00000000   Number         0  fleqf.o ABSOLUTE
    ../fplib/fmul.s                          0x00000000   Number         0  fmul.o ABSOLUTE
    ../fplib/fnaninf.s                       0x00000000   Number         0  fnaninf.o ABSOLUTE
    ../fplib/fpinit.s                        0x00000000   Number         0  fpinit.o ABSOLUTE
    ../fplib/fretinf.s                       0x00000000   Number         0  fretinf.o ABSOLUTE
    ../fplib/frleqf.s                        0x00000000   Number         0  frleqf.o ABSOLUTE
    ../fplib/usenofp.s                       0x00000000   Number         0  usenofp.o ABSOLUTE
    ../mathlib/sqrt.c                        0x00000000   Number         0  sqrt.o ABSOLUTE
    ../mathlib/sqrt.c                        0x00000000   Number         0  sqrt_x.o ABSOLUTE
    C:\Keil_v5\ARM\PACK\Keil\STM32F1xx_DFP\2.4.1\Device\StdPeriph_Driver\src\misc.c 0x00000000   Number         0  misc.o ABSOLUTE
    C:\Keil_v5\ARM\PACK\Keil\STM32F1xx_DFP\2.4.1\Device\StdPeriph_Driver\src\stm32f10x_exti.c 0x00000000   Number         0  stm32f10x_exti.o ABSOLUTE
    C:\Keil_v5\ARM\PACK\Keil\STM32F1xx_DFP\2.4.1\Device\StdPeriph_Driver\src\stm32f10x_gpio.c 0x00000000   Number         0  stm32f10x_gpio.o ABSOLUTE
    C:\Keil_v5\ARM\PACK\Keil\STM32F1xx_DFP\2.4.1\Device\StdPeriph_Driver\src\stm32f10x_i2c.c 0x00000000   Number         0  stm32f10x_i2c.o ABSOLUTE
    C:\Keil_v5\ARM\PACK\Keil\STM32F1xx_DFP\2.4.1\Device\StdPeriph_Driver\src\stm32f10x_rcc.c 0x00000000   Number         0  stm32f10x_rcc.o ABSOLUTE
    C:\Keil_v5\ARM\PACK\Keil\STM32F1xx_DFP\2.4.1\Device\StdPeriph_Driver\src\stm32f10x_tim.c 0x00000000   Number         0  stm32f10x_tim.o ABSOLUTE
    C:\\Keil_v5\\ARM\\PACK\\Keil\\STM32F1xx_DFP\\2.4.1\\Device\\StdPeriph_Driver\\src\\misc.c 0x00000000   Number         0  misc.o ABSOLUTE
    C:\\Keil_v5\\ARM\\PACK\\Keil\\STM32F1xx_DFP\\2.4.1\\Device\\StdPeriph_Driver\\src\\stm32f10x_exti.c 0x00000000   Number         0  stm32f10x_exti.o ABSOLUTE
    C:\\Keil_v5\\ARM\\PACK\\Keil\\STM32F1xx_DFP\\2.4.1\\Device\\StdPeriph_Driver\\src\\stm32f10x_gpio.c 0x00000000   Number         0  stm32f10x_gpio.o ABSOLUTE
    C:\\Keil_v5\\ARM\\PACK\\Keil\\STM32F1xx_DFP\\2.4.1\\Device\\StdPeriph_Driver\\src\\stm32f10x_i2c.c 0x00000000   Number         0  stm32f10x_i2c.o ABSOLUTE
    C:\\Keil_v5\\ARM\\PACK\\Keil\\STM32F1xx_DFP\\2.4.1\\Device\\StdPeriph_Driver\\src\\stm32f10x_rcc.c 0x00000000   Number         0  stm32f10x_rcc.o ABSOLUTE
    C:\\Keil_v5\\ARM\\PACK\\Keil\\STM32F1xx_DFP\\2.4.1\\Device\\StdPeriph_Driver\\src\\stm32f10x_tim.c 0x00000000   Number         0  stm32f10x_tim.o ABSOLUTE
    RTE\Device\STM32F103C6\startup_stm32f10x_ld.s 0x00000000   Number         0  startup_stm32f10x_ld.o ABSOLUTE
    RTE\Device\STM32F103C6\system_stm32f10x.c 0x00000000   Number         0  system_stm32f10x.o ABSOLUTE
    RTE\\Device\\STM32F103C6\\system_stm32f10x.c 0x00000000   Number         0  system_stm32f10x.o ABSOLUTE
    dc.s                                     0x00000000   Number         0  dc.o ABSOLUTE
    i2c.c                                    0x00000000   Number         0  i2c.o ABSOLUTE
    i2c.c                                    0x00000000   Number         0  i2c.o ABSOLUTE
    i2c_6050.c                               0x00000000   Number         0  i2c_6050.o ABSOLUTE
    i2c_6050.c                               0x00000000   Number         0  i2c_6050.o ABSOLUTE
    i2c_lcd.c                                0x00000000   Number         0  i2c_lcd.o ABSOLUTE
    i2c_lcd.c                                0x00000000   Number         0  i2c_lcd.o ABSOLUTE
    interrupt.c                              0x00000000   Number         0  interrupt.o ABSOLUTE
    interrupt.c                              0x00000000   Number         0  interrupt.o ABSOLUTE
    main.c                                   0x00000000   Number         0  main.o ABSOLUTE
    main.c                                   0x00000000   Number         0  main.o ABSOLUTE
    timer.c                                  0x00000000   Number         0  timer.o ABSOLUTE
    timer.c                                  0x00000000   Number         0  timer.o ABSOLUTE
    RESET                                    0x08000000   Section      236  startup_stm32f10x_ld.o(RESET)
    !!!main                                  0x080000ec   Section        8  __main.o(!!!main)
    !!!scatter                               0x080000f4   Section       52  __scatter.o(!!!scatter)
    !!handler_copy                           0x08000128   Section       26  __scatter_copy.o(!!handler_copy)
    !!handler_zi                             0x08000144   Section       28  __scatter_zi.o(!!handler_zi)
    .ARM.Collect$$_printf_percent$$00000000  0x08000160   Section        0  _printf_percent.o(.ARM.Collect$$_printf_percent$$00000000)
    .ARM.Collect$$_printf_percent$$00000009  0x08000160   Section        6  _printf_d.o(.ARM.Collect$$_printf_percent$$00000009)
    .ARM.Collect$$_printf_percent$$00000017  0x08000166   Section        4  _printf_percent_end.o(.ARM.Collect$$_printf_percent$$00000017)
    .ARM.Collect$$libinit$$00000000          0x0800016a   Section        2  libinit.o(.ARM.Collect$$libinit$$00000000)
    .ARM.Collect$$libinit$$00000002          0x0800016c   Section        0  libinit2.o(.ARM.Collect$$libinit$$00000002)
    .ARM.Collect$$libinit$$00000004          0x0800016c   Section        0  libinit2.o(.ARM.Collect$$libinit$$00000004)
    .ARM.Collect$$libinit$$0000000A          0x0800016c   Section        0  libinit2.o(.ARM.Collect$$libinit$$0000000A)
    .ARM.Collect$$libinit$$0000000C          0x0800016c   Section        0  libinit2.o(.ARM.Collect$$libinit$$0000000C)
    .ARM.Collect$$libinit$$0000000E          0x0800016c   Section        0  libinit2.o(.ARM.Collect$$libinit$$0000000E)
    .ARM.Collect$$libinit$$00000011          0x0800016c   Section        0  libinit2.o(.ARM.Collect$$libinit$$00000011)
    .ARM.Collect$$libinit$$00000013          0x0800016c   Section        0  libinit2.o(.ARM.Collect$$libinit$$00000013)
    .ARM.Collect$$libinit$$00000015          0x0800016c   Section        0  libinit2.o(.ARM.Collect$$libinit$$00000015)
    .ARM.Collect$$libinit$$00000017          0x0800016c   Section        0  libinit2.o(.ARM.Collect$$libinit$$00000017)
    .ARM.Collect$$libinit$$00000019          0x0800016c   Section        0  libinit2.o(.ARM.Collect$$libinit$$00000019)
    .ARM.Collect$$libinit$$0000001B          0x0800016c   Section        0  libinit2.o(.ARM.Collect$$libinit$$0000001B)
    .ARM.Collect$$libinit$$0000001D          0x0800016c   Section        0  libinit2.o(.ARM.Collect$$libinit$$0000001D)
    .ARM.Collect$$libinit$$0000001F          0x0800016c   Section        0  libinit2.o(.ARM.Collect$$libinit$$0000001F)
    .ARM.Collect$$libinit$$00000021          0x0800016c   Section        0  libinit2.o(.ARM.Collect$$libinit$$00000021)
    .ARM.Collect$$libinit$$00000023          0x0800016c   Section        0  libinit2.o(.ARM.Collect$$libinit$$00000023)
    .ARM.Collect$$libinit$$00000025          0x0800016c   Section        0  libinit2.o(.ARM.Collect$$libinit$$00000025)
    .ARM.Collect$$libinit$$0000002C          0x0800016c   Section        0  libinit2.o(.ARM.Collect$$libinit$$0000002C)
    .ARM.Collect$$libinit$$0000002E          0x0800016c   Section        0  libinit2.o(.ARM.Collect$$libinit$$0000002E)
    .ARM.Collect$$libinit$$00000030          0x0800016c   Section        0  libinit2.o(.ARM.Collect$$libinit$$00000030)
    .ARM.Collect$$libinit$$00000032          0x0800016c   Section        0  libinit2.o(.ARM.Collect$$libinit$$00000032)
    .ARM.Collect$$libinit$$00000033          0x0800016c   Section        2  libinit2.o(.ARM.Collect$$libinit$$00000033)
    .ARM.Collect$$libshutdown$$00000000      0x0800016e   Section        2  libshutdown.o(.ARM.Collect$$libshutdown$$00000000)
    .ARM.Collect$$libshutdown$$00000002      0x08000170   Section        0  libshutdown2.o(.ARM.Collect$$libshutdown$$00000002)
    .ARM.Collect$$libshutdown$$00000004      0x08000170   Section        0  libshutdown2.o(.ARM.Collect$$libshutdown$$00000004)
    .ARM.Collect$$libshutdown$$00000007      0x08000170   Section        0  libshutdown2.o(.ARM.Collect$$libshutdown$$00000007)
    .ARM.Collect$$libshutdown$$0000000A      0x08000170   Section        0  libshutdown2.o(.ARM.Collect$$libshutdown$$0000000A)
    .ARM.Collect$$libshutdown$$0000000C      0x08000170   Section        0  libshutdown2.o(.ARM.Collect$$libshutdown$$0000000C)
    .ARM.Collect$$libshutdown$$0000000F      0x08000170   Section        0  libshutdown2.o(.ARM.Collect$$libshutdown$$0000000F)
    .ARM.Collect$$libshutdown$$00000010      0x08000170   Section        2  libshutdown2.o(.ARM.Collect$$libshutdown$$00000010)
    .ARM.Collect$$rtentry$$00000000          0x08000172   Section        0  __rtentry.o(.ARM.Collect$$rtentry$$00000000)
    .ARM.Collect$$rtentry$$00000002          0x08000172   Section        0  __rtentry2.o(.ARM.Collect$$rtentry$$00000002)
    .ARM.Collect$$rtentry$$00000004          0x08000172   Section        6  __rtentry4.o(.ARM.Collect$$rtentry$$00000004)
    .ARM.Collect$$rtentry$$00000009          0x08000178   Section        0  __rtentry2.o(.ARM.Collect$$rtentry$$00000009)
    .ARM.Collect$$rtentry$$0000000A          0x08000178   Section        4  __rtentry2.o(.ARM.Collect$$rtentry$$0000000A)
    .ARM.Collect$$rtentry$$0000000C          0x0800017c   Section        0  __rtentry2.o(.ARM.Collect$$rtentry$$0000000C)
    .ARM.Collect$$rtentry$$0000000D          0x0800017c   Section        8  __rtentry2.o(.ARM.Collect$$rtentry$$0000000D)
    .ARM.Collect$$rtexit$$00000000           0x08000184   Section        2  rtexit.o(.ARM.Collect$$rtexit$$00000000)
    .ARM.Collect$$rtexit$$00000002           0x08000186   Section        0  rtexit2.o(.ARM.Collect$$rtexit$$00000002)
    .ARM.Collect$$rtexit$$00000003           0x08000186   Section        4  rtexit2.o(.ARM.Collect$$rtexit$$00000003)
    .ARM.Collect$$rtexit$$00000004           0x0800018a   Section        6  rtexit2.o(.ARM.Collect$$rtexit$$00000004)
    .text                                    0x08000190   Section       64  startup_stm32f10x_ld.o(.text)
    .text                                    0x080001d0   Section        0  noretval__2sprintf.o(.text)
    .text                                    0x080001f8   Section        0  __printf.o(.text)
    .text                                    0x08000260   Section        0  _printf_dec.o(.text)
    .text                                    0x080002d8   Section        0  heapauxi.o(.text)
    .text                                    0x080002de   Section        0  _rserrno.o(.text)
    .text                                    0x080002f4   Section        0  _printf_intcommon.o(.text)
    .text                                    0x080003a8   Section        0  _printf_char_common.o(.text)
    _printf_input_char                       0x080003a9   Thumb Code    10  _printf_char_common.o(.text)
    .text                                    0x080003d8   Section        0  _sputc.o(.text)
    .text                                    0x080003e4   Section        8  rt_errno_addr_intlibspace.o(.text)
    .text                                    0x080003ec   Section        8  libspace.o(.text)
    .text                                    0x080003f4   Section       74  sys_stackheap_outer.o(.text)
    .text                                    0x0800043e   Section        0  exit.o(.text)
    .text                                    0x08000450   Section        0  sys_exit.o(.text)
    .text                                    0x0800045c   Section        2  use_no_semi.o(.text)
    .text                                    0x0800045e   Section        0  indicate_semi.o(.text)
    i.CTR_READ_ACCEL_MPU3050                 0x08000460   Section        0  i2c_6050.o(i.CTR_READ_ACCEL_MPU3050)
    i.CTR_Single_Read                        0x08000540   Section        0  i2c.o(i.CTR_Single_Read)
    i.CTR_Single_Write                       0x08000590   Section        0  i2c.o(i.CTR_Single_Write)
    i.Delay1Ms                               0x080005da   Section        0  timer.o(i.Delay1Ms)
    i.Delay_Ms                               0x0800060a   Section        0  timer.o(i.Delay_Ms)
    i.EXTI0_IRQHandler                       0x0800061c   Section        0  interrupt.o(i.EXTI0_IRQHandler)
    i.EXTI1_IRQHandler                       0x0800067c   Section        0  interrupt.o(i.EXTI1_IRQHandler)
    i.EXTI_ClearITPendingBit                 0x080006cc   Section        0  stm32f10x_exti.o(i.EXTI_ClearITPendingBit)
    i.EXTI_GetITStatus                       0x080006d8   Section        0  stm32f10x_exti.o(i.EXTI_GetITStatus)
    i.EXTI_Init                              0x08000700   Section        0  stm32f10x_exti.o(i.EXTI_Init)
    i.GPIO_EXTILineConfig                    0x08000794   Section        0  stm32f10x_gpio.o(i.GPIO_EXTILineConfig)
    i.GPIO_Init                              0x080007d4   Section        0  stm32f10x_gpio.o(i.GPIO_Init)
    i.GPIO_ReadInputDataBit                  0x080008ea   Section        0  stm32f10x_gpio.o(i.GPIO_ReadInputDataBit)
    i.GPIO_ResetBits                         0x080008fc   Section        0  stm32f10x_gpio.o(i.GPIO_ResetBits)
    i.GPIO_SetBits                           0x08000900   Section        0  stm32f10x_gpio.o(i.GPIO_SetBits)
    i.I2C_LCD_BackLight                      0x08000904   Section        0  i2c_lcd.o(i.I2C_LCD_BackLight)
    i.I2C_LCD_Clear                          0x08000924   Section        0  i2c_lcd.o(i.I2C_LCD_Clear)
    i.I2C_LCD_FlushVal                       0x08000930   Section        0  i2c_lcd.o(i.I2C_LCD_FlushVal)
    I2C_LCD_FlushVal                         0x08000931   Thumb Code    52  i2c_lcd.o(i.I2C_LCD_FlushVal)
    i.I2C_LCD_Init                           0x0800096c   Section        0  i2c_lcd.o(i.I2C_LCD_Init)
    i.I2C_LCD_NewLine                        0x080009f0   Section        0  i2c_lcd.o(i.I2C_LCD_NewLine)
    i.I2C_LCD_Puts                           0x080009fa   Section        0  i2c_lcd.o(i.I2C_LCD_Puts)
    i.I2C_LCD_Setup                          0x08000a18   Section        0  i2c_lcd.o(i.I2C_LCD_Setup)
    i.I2C_LCD_WriteCmd                       0x08000a2c   Section        0  i2c_lcd.o(i.I2C_LCD_WriteCmd)
    I2C_LCD_WriteCmd                         0x08000a2d   Thumb Code    42  i2c_lcd.o(i.I2C_LCD_WriteCmd)
    i.I2C_LCD_Write_4bit                     0x08000a5c   Section        0  i2c_lcd.o(i.I2C_LCD_Write_4bit)
    I2C_LCD_Write_4bit                       0x08000a5d   Thumb Code   106  i2c_lcd.o(i.I2C_LCD_Write_4bit)
    i.I2C_MPU6050_Init                       0x08000acc   Section        0  i2c_6050.o(i.I2C_MPU6050_Init)
    i.I2C_MPU6050_Setup                      0x08000b08   Section        0  i2c_6050.o(i.I2C_MPU6050_Setup)
    i.I2C_Read                               0x08000b1c   Section        0  i2c.o(i.I2C_Read)
    i.I2C_Write                              0x08000b62   Section        0  i2c.o(i.I2C_Write)
    i.LCD_WaitBusy                           0x08000ba8   Section        0  i2c_lcd.o(i.LCD_WaitBusy)
    i.LCD_Write_Chr                          0x08000c14   Section        0  i2c_lcd.o(i.LCD_Write_Chr)
    i.My_I2C_Init                            0x08000c44   Section        0  i2c.o(i.My_I2C_Init)
    i.NVIC_Init                              0x08000c4c   Section        0  misc.o(i.NVIC_Init)
    i.RCC_APB1PeriphClockCmd                 0x08000cbc   Section        0  stm32f10x_rcc.o(i.RCC_APB1PeriphClockCmd)
    i.RCC_APB2PeriphClockCmd                 0x08000cdc   Section        0  stm32f10x_rcc.o(i.RCC_APB2PeriphClockCmd)
    i.SCL_0                                  0x08000cfc   Section        0  i2c.o(i.SCL_0)
    i.SCL_1                                  0x08000d14   Section        0  i2c.o(i.SCL_1)
    i.SDA_0                                  0x08000d2c   Section        0  i2c.o(i.SDA_0)
    i.SDA_1                                  0x08000d44   Section        0  i2c.o(i.SDA_1)
    i.SDA_VAL                                0x08000d5c   Section        0  i2c.o(i.SDA_VAL)
    i.SetSysClock                            0x08000d7c   Section        0  system_stm32f10x.o(i.SetSysClock)
    SetSysClock                              0x08000d7d   Thumb Code     8  system_stm32f10x.o(i.SetSysClock)
    i.SetSysClockTo72                        0x08000d84   Section        0  system_stm32f10x.o(i.SetSysClockTo72)
    SetSysClockTo72                          0x08000d85   Thumb Code   214  system_stm32f10x.o(i.SetSysClockTo72)
    i.SystemInit                             0x08000e64   Section        0  system_stm32f10x.o(i.SystemInit)
    i.TIM_Cmd                                0x08000ec4   Section        0  stm32f10x_tim.o(i.TIM_Cmd)
    i.TIM_GetCounter                         0x08000edc   Section        0  stm32f10x_tim.o(i.TIM_GetCounter)
    i.TIM_SetCounter                         0x08000ee2   Section        0  stm32f10x_tim.o(i.TIM_SetCounter)
    i.TIM_TimeBaseInit                       0x08000ee8   Section        0  stm32f10x_tim.o(i.TIM_TimeBaseInit)
    i.delay_init                             0x08000f8c   Section        0  timer.o(i.delay_init)
    i.delay_us                               0x08000fb6   Section        0  timer.o(i.delay_us)
    i.i2c_init                               0x08000fe8   Section        0  i2c.o(i.i2c_init)
    i.i2c_read                               0x08001034   Section        0  i2c.o(i.i2c_read)
    i.i2c_setup                              0x080010a0   Section        0  i2c.o(i.i2c_setup)
    i.i2c_start                              0x080010c4   Section        0  i2c.o(i.i2c_start)
    i.i2c_stop                               0x080010f0   Section        0  i2c.o(i.i2c_stop)
    i.i2c_write                              0x08001112   Section        0  i2c.o(i.i2c_write)
    i.interrupt_init                         0x08001184   Section        0  interrupt.o(i.interrupt_init)
    i.main                                   0x0800120c   Section        0  main.o(i.main)
    i.read_interrupt                         0x080016f4   Section        0  interrupt.o(i.read_interrupt)
    i.sqrt                                   0x08001700   Section        0  sqrt.o(i.sqrt)
    x$fpl$d2f                                0x0800174c   Section       98  d2f.o(x$fpl$d2f)
    x$fpl$ddiv                               0x080017b0   Section      688  ddiv.o(x$fpl$ddiv)
    ddiv_entry                               0x080017b7   Thumb Code     0  ddiv.o(x$fpl$ddiv)
    x$fpl$dfltu                              0x08001a60   Section       38  dflt_clz.o(x$fpl$dfltu)
    x$fpl$dnaninf                            0x08001a86   Section      156  dnaninf.o(x$fpl$dnaninf)
    x$fpl$dretinf                            0x08001b22   Section       12  dretinf.o(x$fpl$dretinf)
    x$fpl$dsqrt                              0x08001b30   Section      460  dsqrt_noumaal.o(x$fpl$dsqrt)
    x$fpl$f2d                                0x08001cfc   Section       86  f2d.o(x$fpl$f2d)
    x$fpl$fadd                               0x08001d54   Section      196  faddsub_clz.o(x$fpl$fadd)
    _fadd1                                   0x08001d63   Thumb Code     0  faddsub_clz.o(x$fpl$fadd)
    x$fpl$fcmpinf                            0x08001e18   Section       24  fcmpi.o(x$fpl$fcmpinf)
    x$fpl$fdiv                               0x08001e30   Section      388  fdiv.o(x$fpl$fdiv)
    _fdiv1                                   0x08001e31   Thumb Code     0  fdiv.o(x$fpl$fdiv)
    x$fpl$fleqf                              0x08001fb4   Section      104  fleqf.o(x$fpl$fleqf)
    x$fpl$fmul                               0x0800201c   Section      258  fmul.o(x$fpl$fmul)
    x$fpl$fnaninf                            0x0800211e   Section      140  fnaninf.o(x$fpl$fnaninf)
    x$fpl$fretinf                            0x080021aa   Section       10  fretinf.o(x$fpl$fretinf)
    x$fpl$frleqf                             0x080021b4   Section       98  frleqf.o(x$fpl$frleqf)
    x$fpl$fsub                               0x08002218   Section      234  faddsub_clz.o(x$fpl$fsub)
    _fsub1                                   0x08002227   Thumb Code     0  faddsub_clz.o(x$fpl$fsub)
    x$fpl$usenofp                            0x08002302   Section        0  usenofp.o(x$fpl$usenofp)
    .data                                    0x20000000   Section       68  main.o(.data)
    Trang_thai                               0x20000008   Data           1  main.o(.data)
    .data                                    0x20000044   Section        1  interrupt.o(.data)
    Trang_thai                               0x20000044   Data           1  interrupt.o(.data)
    .data                                    0x20000048   Section       12  i2c.o(.data)
    .data                                    0x20000054   Section        9  i2c_lcd.o(.data)
    u8LCD_Buff                               0x20000054   Data           8  i2c_lcd.o(.data)
    u8LcdTmp                                 0x2000005c   Data           1  i2c_lcd.o(.data)
    .data                                    0x2000005e   Section       10  i2c_6050.o(.data)
    CTR_MPU6050_BUF                          0x2000005e   Data           8  i2c_6050.o(.data)
    a                                        0x20000066   Data           2  i2c_6050.o(.data)
    .bss                                     0x20000068   Section       32  main.o(.bss)
    .bss                                     0x20000088   Section       16  i2c_6050.o(.bss)
    mpuData                                  0x20000088   Data          16  i2c_6050.o(.bss)
    .bss                                     0x20000098   Section       96  libspace.o(.bss)
    HEAP                                     0x200000f8   Section      512  startup_stm32f10x_ld.o(HEAP)
    Heap_Mem                                 0x200000f8   Data         512  startup_stm32f10x_ld.o(HEAP)
    STACK                                    0x200002f8   Section     1024  startup_stm32f10x_ld.o(STACK)
    Stack_Mem                                0x200002f8   Data        1024  startup_stm32f10x_ld.o(STACK)
    __initial_sp                             0x200006f8   Data           0  startup_stm32f10x_ld.o(STACK)

    Global Symbols

    Symbol Name                              Value     Ov Type        Size  Object(Section)

    BuildAttributes$$THM_ISAv4$P$D$K$B$S$PE$A:L22UL41UL21$X:L11$S22US41US21$IEEE1$IW$USESV6$~STKCKD$USESV7$~SHL$OTIME$ROPI$IEEEJ$EBA8$UX$STANDARDLIB$REQ8$PRES8$EABIv2 0x00000000   Number         0  anon$$obj.o ABSOLUTE
    __ARM_use_no_argv                        0x00000000   Number         0  main.o ABSOLUTE
    __ARM_exceptions_init                     - Undefined Weak Reference
    __alloca_initialize                       - Undefined Weak Reference
    __arm_preinit_                            - Undefined Weak Reference
    __cpp_initialize__aeabi_                  - Undefined Weak Reference
    __cxa_finalize                            - Undefined Weak Reference
    __rt_locale                               - Undefined Weak Reference
    __sigvec_lookup                           - Undefined Weak Reference
    _atexit_init                              - Undefined Weak Reference
    _call_atexit_fns                          - Undefined Weak Reference
    _clock_init                               - Undefined Weak Reference
    _fp_trap_init                             - Undefined Weak Reference
    _fp_trap_shutdown                         - Undefined Weak Reference
    _get_lc_collate                           - Undefined Weak Reference
    _get_lc_ctype                             - Undefined Weak Reference
    _get_lc_monetary                          - Undefined Weak Reference
    _get_lc_numeric                           - Undefined Weak Reference
    _get_lc_time                              - Undefined Weak Reference
    _getenv_init                              - Undefined Weak Reference
    _handle_redirection                       - Undefined Weak Reference
    _init_alloc                               - Undefined Weak Reference
    _init_user_alloc                          - Undefined Weak Reference
    _initio                                   - Undefined Weak Reference
    _printf_post_padding                      - Undefined Weak Reference
    _printf_pre_padding                       - Undefined Weak Reference
    _printf_truncate_signed                   - Undefined Weak Reference
    _printf_truncate_unsigned                 - Undefined Weak Reference
    _rand_init                                - Undefined Weak Reference
    _signal_finish                            - Undefined Weak Reference
    _signal_init                              - Undefined Weak Reference
    _terminate_alloc                          - Undefined Weak Reference
    _terminate_user_alloc                     - Undefined Weak Reference
    _terminateio                              - Undefined Weak Reference
    __Vectors_Size                           0x000000ec   Number         0  startup_stm32f10x_ld.o ABSOLUTE
    __Vectors                                0x08000000   Data           4  startup_stm32f10x_ld.o(RESET)
    __Vectors_End                            0x080000ec   Data           0  startup_stm32f10x_ld.o(RESET)
    __main                                   0x080000ed   Thumb Code     8  __main.o(!!!main)
    __scatterload                            0x080000f5   Thumb Code     0  __scatter.o(!!!scatter)
    __scatterload_rt2                        0x080000f5   Thumb Code    44  __scatter.o(!!!scatter)
    __scatterload_rt2_thumb_only             0x080000f5   Thumb Code     0  __scatter.o(!!!scatter)
    __scatterload_null                       0x08000103   Thumb Code     0  __scatter.o(!!!scatter)
    __scatterload_copy                       0x08000129   Thumb Code    26  __scatter_copy.o(!!handler_copy)
    __scatterload_zeroinit                   0x08000145   Thumb Code    28  __scatter_zi.o(!!handler_zi)
    _printf_d                                0x08000161   Thumb Code     0  _printf_d.o(.ARM.Collect$$_printf_percent$$00000009)
    _printf_percent                          0x08000161   Thumb Code     0  _printf_percent.o(.ARM.Collect$$_printf_percent$$00000000)
    _printf_percent_end                      0x08000167   Thumb Code     0  _printf_percent_end.o(.ARM.Collect$$_printf_percent$$00000017)
    __rt_lib_init                            0x0800016b   Thumb Code     0  libinit.o(.ARM.Collect$$libinit$$00000000)
    __rt_lib_init_alloca_1                   0x0800016d   Thumb Code     0  libinit2.o(.ARM.Collect$$libinit$$0000002E)
    __rt_lib_init_argv_1                     0x0800016d   Thumb Code     0  libinit2.o(.ARM.Collect$$libinit$$0000002C)
    __rt_lib_init_atexit_1                   0x0800016d   Thumb Code     0  libinit2.o(.ARM.Collect$$libinit$$0000001B)
    __rt_lib_init_clock_1                    0x0800016d   Thumb Code     0  libinit2.o(.ARM.Collect$$libinit$$00000021)
    __rt_lib_init_cpp_1                      0x0800016d   Thumb Code     0  libinit2.o(.ARM.Collect$$libinit$$00000032)
    __rt_lib_init_exceptions_1               0x0800016d   Thumb Code     0  libinit2.o(.ARM.Collect$$libinit$$00000030)
    __rt_lib_init_fp_1                       0x0800016d   Thumb Code     0  libinit2.o(.ARM.Collect$$libinit$$00000002)
    __rt_lib_init_fp_trap_1                  0x0800016d   Thumb Code     0  libinit2.o(.ARM.Collect$$libinit$$0000001F)
    __rt_lib_init_getenv_1                   0x0800016d   Thumb Code     0  libinit2.o(.ARM.Collect$$libinit$$00000023)
    __rt_lib_init_heap_1                     0x0800016d   Thumb Code     0  libinit2.o(.ARM.Collect$$libinit$$0000000A)
    __rt_lib_init_lc_collate_1               0x0800016d   Thumb Code     0  libinit2.o(.ARM.Collect$$libinit$$00000011)
    __rt_lib_init_lc_ctype_1                 0x0800016d   Thumb Code     0  libinit2.o(.ARM.Collect$$libinit$$00000013)
    __rt_lib_init_lc_monetary_1              0x0800016d   Thumb Code     0  libinit2.o(.ARM.Collect$$libinit$$00000015)
    __rt_lib_init_lc_numeric_1               0x0800016d   Thumb Code     0  libinit2.o(.ARM.Collect$$libinit$$00000017)
    __rt_lib_init_lc_time_1                  0x0800016d   Thumb Code     0  libinit2.o(.ARM.Collect$$libinit$$00000019)
    __rt_lib_init_preinit_1                  0x0800016d   Thumb Code     0  libinit2.o(.ARM.Collect$$libinit$$00000004)
    __rt_lib_init_rand_1                     0x0800016d   Thumb Code     0  libinit2.o(.ARM.Collect$$libinit$$0000000E)
    __rt_lib_init_return                     0x0800016d   Thumb Code     0  libinit2.o(.ARM.Collect$$libinit$$00000033)
    __rt_lib_init_signal_1                   0x0800016d   Thumb Code     0  libinit2.o(.ARM.Collect$$libinit$$0000001D)
    __rt_lib_init_stdio_1                    0x0800016d   Thumb Code     0  libinit2.o(.ARM.Collect$$libinit$$00000025)
    __rt_lib_init_user_alloc_1               0x0800016d   Thumb Code     0  libinit2.o(.ARM.Collect$$libinit$$0000000C)
    __rt_lib_shutdown                        0x0800016f   Thumb Code     0  libshutdown.o(.ARM.Collect$$libshutdown$$00000000)
    __rt_lib_shutdown_cpp_1                  0x08000171   Thumb Code     0  libshutdown2.o(.ARM.Collect$$libshutdown$$00000002)
    __rt_lib_shutdown_fp_trap_1              0x08000171   Thumb Code     0  libshutdown2.o(.ARM.Collect$$libshutdown$$00000007)
    __rt_lib_shutdown_heap_1                 0x08000171   Thumb Code     0  libshutdown2.o(.ARM.Collect$$libshutdown$$0000000F)
    __rt_lib_shutdown_return                 0x08000171   Thumb Code     0  libshutdown2.o(.ARM.Collect$$libshutdown$$00000010)
    __rt_lib_shutdown_signal_1               0x08000171   Thumb Code     0  libshutdown2.o(.ARM.Collect$$libshutdown$$0000000A)
    __rt_lib_shutdown_stdio_1                0x08000171   Thumb Code     0  libshutdown2.o(.ARM.Collect$$libshutdown$$00000004)
    __rt_lib_shutdown_user_alloc_1           0x08000171   Thumb Code     0  libshutdown2.o(.ARM.Collect$$libshutdown$$0000000C)
    __rt_entry                               0x08000173   Thumb Code     0  __rtentry.o(.ARM.Collect$$rtentry$$00000000)
    __rt_entry_presh_1                       0x08000173   Thumb Code     0  __rtentry2.o(.ARM.Collect$$rtentry$$00000002)
    __rt_entry_sh                            0x08000173   Thumb Code     0  __rtentry4.o(.ARM.Collect$$rtentry$$00000004)
    __rt_entry_li                            0x08000179   Thumb Code     0  __rtentry2.o(.ARM.Collect$$rtentry$$0000000A)
    __rt_entry_postsh_1                      0x08000179   Thumb Code     0  __rtentry2.o(.ARM.Collect$$rtentry$$00000009)
    __rt_entry_main                          0x0800017d   Thumb Code     0  __rtentry2.o(.ARM.Collect$$rtentry$$0000000D)
    __rt_entry_postli_1                      0x0800017d   Thumb Code     0  __rtentry2.o(.ARM.Collect$$rtentry$$0000000C)
    __rt_exit                                0x08000185   Thumb Code     0  rtexit.o(.ARM.Collect$$rtexit$$00000000)
    __rt_exit_ls                             0x08000187   Thumb Code     0  rtexit2.o(.ARM.Collect$$rtexit$$00000003)
    __rt_exit_prels_1                        0x08000187   Thumb Code     0  rtexit2.o(.ARM.Collect$$rtexit$$00000002)
    __rt_exit_exit                           0x0800018b   Thumb Code     0  rtexit2.o(.ARM.Collect$$rtexit$$00000004)
    Reset_Handler                            0x08000191   Thumb Code     8  startup_stm32f10x_ld.o(.text)
    NMI_Handler                              0x08000199   Thumb Code     2  startup_stm32f10x_ld.o(.text)
    HardFault_Handler                        0x0800019b   Thumb Code     2  startup_stm32f10x_ld.o(.text)
    MemManage_Handler                        0x0800019d   Thumb Code     2  startup_stm32f10x_ld.o(.text)
    BusFault_Handler                         0x0800019f   Thumb Code     2  startup_stm32f10x_ld.o(.text)
    UsageFault_Handler                       0x080001a1   Thumb Code     2  startup_stm32f10x_ld.o(.text)
    SVC_Handler                              0x080001a3   Thumb Code     2  startup_stm32f10x_ld.o(.text)
    DebugMon_Handler                         0x080001a5   Thumb Code     2  startup_stm32f10x_ld.o(.text)
    PendSV_Handler                           0x080001a7   Thumb Code     2  startup_stm32f10x_ld.o(.text)
    SysTick_Handler                          0x080001a9   Thumb Code     2  startup_stm32f10x_ld.o(.text)
    ADC1_2_IRQHandler                        0x080001ab   Thumb Code     0  startup_stm32f10x_ld.o(.text)
    CAN1_RX1_IRQHandler                      0x080001ab   Thumb Code     0  startup_stm32f10x_ld.o(.text)
    CAN1_SCE_IRQHandler                      0x080001ab   Thumb Code     0  startup_stm32f10x_ld.o(.text)
    DMA1_Channel1_IRQHandler                 0x080001ab   Thumb Code     0  startup_stm32f10x_ld.o(.text)
    DMA1_Channel2_IRQHandler                 0x080001ab   Thumb Code     0  startup_stm32f10x_ld.o(.text)
    DMA1_Channel3_IRQHandler                 0x080001ab   Thumb Code     0  startup_stm32f10x_ld.o(.text)
    DMA1_Channel4_IRQHandler                 0x080001ab   Thumb Code     0  startup_stm32f10x_ld.o(.text)
    DMA1_Channel5_IRQHandler                 0x080001ab   Thumb Code     0  startup_stm32f10x_ld.o(.text)
    DMA1_Channel6_IRQHandler                 0x080001ab   Thumb Code     0  startup_stm32f10x_ld.o(.text)
    DMA1_Channel7_IRQHandler                 0x080001ab   Thumb Code     0  startup_stm32f10x_ld.o(.text)
    EXTI15_10_IRQHandler                     0x080001ab   Thumb Code     0  startup_stm32f10x_ld.o(.text)
    EXTI2_IRQHandler                         0x080001ab   Thumb Code     0  startup_stm32f10x_ld.o(.text)
    EXTI3_IRQHandler                         0x080001ab   Thumb Code     0  startup_stm32f10x_ld.o(.text)
    EXTI4_IRQHandler                         0x080001ab   Thumb Code     0  startup_stm32f10x_ld.o(.text)
    EXTI9_5_IRQHandler                       0x080001ab   Thumb Code     0  startup_stm32f10x_ld.o(.text)
    FLASH_IRQHandler                         0x080001ab   Thumb Code     0  startup_stm32f10x_ld.o(.text)
    I2C1_ER_IRQHandler                       0x080001ab   Thumb Code     0  startup_stm32f10x_ld.o(.text)
    I2C1_EV_IRQHandler                       0x080001ab   Thumb Code     0  startup_stm32f10x_ld.o(.text)
    PVD_IRQHandler                           0x080001ab   Thumb Code     0  startup_stm32f10x_ld.o(.text)
    RCC_IRQHandler                           0x080001ab   Thumb Code     0  startup_stm32f10x_ld.o(.text)
    RTCAlarm_IRQHandler                      0x080001ab   Thumb Code     0  startup_stm32f10x_ld.o(.text)
    RTC_IRQHandler                           0x080001ab   Thumb Code     0  startup_stm32f10x_ld.o(.text)
    SPI1_IRQHandler                          0x080001ab   Thumb Code     0  startup_stm32f10x_ld.o(.text)
    TAMPER_IRQHandler                        0x080001ab   Thumb Code     0  startup_stm32f10x_ld.o(.text)
    TIM1_BRK_IRQHandler                      0x080001ab   Thumb Code     0  startup_stm32f10x_ld.o(.text)
    TIM1_CC_IRQHandler                       0x080001ab   Thumb Code     0  startup_stm32f10x_ld.o(.text)
    TIM1_TRG_COM_IRQHandler                  0x080001ab   Thumb Code     0  startup_stm32f10x_ld.o(.text)
    TIM1_UP_IRQHandler                       0x080001ab   Thumb Code     0  startup_stm32f10x_ld.o(.text)
    TIM2_IRQHandler                          0x080001ab   Thumb Code     0  startup_stm32f10x_ld.o(.text)
    TIM3_IRQHandler                          0x080001ab   Thumb Code     0  startup_stm32f10x_ld.o(.text)
    USART1_IRQHandler                        0x080001ab   Thumb Code     0  startup_stm32f10x_ld.o(.text)
    USART2_IRQHandler                        0x080001ab   Thumb Code     0  startup_stm32f10x_ld.o(.text)
    USBWakeUp_IRQHandler                     0x080001ab   Thumb Code     0  startup_stm32f10x_ld.o(.text)
    USB_HP_CAN1_TX_IRQHandler                0x080001ab   Thumb Code     0  startup_stm32f10x_ld.o(.text)
    USB_LP_CAN1_RX0_IRQHandler               0x080001ab   Thumb Code     0  startup_stm32f10x_ld.o(.text)
    WWDG_IRQHandler                          0x080001ab   Thumb Code     0  startup_stm32f10x_ld.o(.text)
    __user_initial_stackheap                 0x080001ad   Thumb Code     0  startup_stm32f10x_ld.o(.text)
    __2sprintf                               0x080001d1   Thumb Code    34  noretval__2sprintf.o(.text)
    __printf                                 0x080001f9   Thumb Code   104  __printf.o(.text)
    _printf_int_dec                          0x08000261   Thumb Code   104  _printf_dec.o(.text)
    __use_two_region_memory                  0x080002d9   Thumb Code     2  heapauxi.o(.text)
    __rt_heap_escrow$2region                 0x080002db   Thumb Code     2  heapauxi.o(.text)
    __rt_heap_expand$2region                 0x080002dd   Thumb Code     2  heapauxi.o(.text)
    __read_errno                             0x080002df   Thumb Code    10  _rserrno.o(.text)
    __set_errno                              0x080002e9   Thumb Code    12  _rserrno.o(.text)
    _printf_int_common                       0x080002f5   Thumb Code   178  _printf_intcommon.o(.text)
    _printf_char_common                      0x080003b3   Thumb Code    32  _printf_char_common.o(.text)
    _sputc                                   0x080003d9   Thumb Code    10  _sputc.o(.text)
    __aeabi_errno_addr                       0x080003e5   Thumb Code     8  rt_errno_addr_intlibspace.o(.text)
    __errno$intlibspace                      0x080003e5   Thumb Code     0  rt_errno_addr_intlibspace.o(.text)
    __rt_errno_addr$intlibspace              0x080003e5   Thumb Code     0  rt_errno_addr_intlibspace.o(.text)
    __user_libspace                          0x080003ed   Thumb Code     8  libspace.o(.text)
    __user_perproc_libspace                  0x080003ed   Thumb Code     0  libspace.o(.text)
    __user_perthread_libspace                0x080003ed   Thumb Code     0  libspace.o(.text)
    __user_setup_stackheap                   0x080003f5   Thumb Code    74  sys_stackheap_outer.o(.text)
    exit                                     0x0800043f   Thumb Code    18  exit.o(.text)
    _sys_exit                                0x08000451   Thumb Code     8  sys_exit.o(.text)
    __I$use$semihosting                      0x0800045d   Thumb Code     0  use_no_semi.o(.text)
    __use_no_semihosting_swi                 0x0800045d   Thumb Code     2  use_no_semi.o(.text)
    __semihosting_library_function           0x0800045f   Thumb Code     0  indicate_semi.o(.text)
    CTR_READ_ACCEL_MPU3050                   0x08000461   Thumb Code   208  i2c_6050.o(i.CTR_READ_ACCEL_MPU3050)
    CTR_Single_Read                          0x08000541   Thumb Code    80  i2c.o(i.CTR_Single_Read)
    CTR_Single_Write                         0x08000591   Thumb Code    74  i2c.o(i.CTR_Single_Write)
    Delay1Ms                                 0x080005db   Thumb Code    48  timer.o(i.Delay1Ms)
    Delay_Ms                                 0x0800060b   Thumb Code    18  timer.o(i.Delay_Ms)
    EXTI0_IRQHandler                         0x0800061d   Thumb Code    92  interrupt.o(i.EXTI0_IRQHandler)
    EXTI1_IRQHandler                         0x0800067d   Thumb Code    72  interrupt.o(i.EXTI1_IRQHandler)
    EXTI_ClearITPendingBit                   0x080006cd   Thumb Code     6  stm32f10x_exti.o(i.EXTI_ClearITPendingBit)
    EXTI_GetITStatus                         0x080006d9   Thumb Code    34  stm32f10x_exti.o(i.EXTI_GetITStatus)
    EXTI_Init                                0x08000701   Thumb Code   142  stm32f10x_exti.o(i.EXTI_Init)
    GPIO_EXTILineConfig                      0x08000795   Thumb Code    60  stm32f10x_gpio.o(i.GPIO_EXTILineConfig)
    GPIO_Init                                0x080007d5   Thumb Code   278  stm32f10x_gpio.o(i.GPIO_Init)
    GPIO_ReadInputDataBit                    0x080008eb   Thumb Code    18  stm32f10x_gpio.o(i.GPIO_ReadInputDataBit)
    GPIO_ResetBits                           0x080008fd   Thumb Code     4  stm32f10x_gpio.o(i.GPIO_ResetBits)
    GPIO_SetBits                             0x08000901   Thumb Code     4  stm32f10x_gpio.o(i.GPIO_SetBits)
    I2C_LCD_BackLight                        0x08000905   Thumb Code    26  i2c_lcd.o(i.I2C_LCD_BackLight)
    I2C_LCD_Clear                            0x08000925   Thumb Code    10  i2c_lcd.o(i.I2C_LCD_Clear)
    I2C_LCD_Init                             0x0800096d   Thumb Code   128  i2c_lcd.o(i.I2C_LCD_Init)
    I2C_LCD_NewLine                          0x080009f1   Thumb Code    10  i2c_lcd.o(i.I2C_LCD_NewLine)
    I2C_LCD_Puts                             0x080009fb   Thumb Code    28  i2c_lcd.o(i.I2C_LCD_Puts)
    I2C_LCD_Setup                            0x08000a19   Thumb Code    16  i2c_lcd.o(i.I2C_LCD_Setup)
    I2C_MPU6050_Init                         0x08000acd   Thumb Code    58  i2c_6050.o(i.I2C_MPU6050_Init)
    I2C_MPU6050_Setup                        0x08000b09   Thumb Code    16  i2c_6050.o(i.I2C_MPU6050_Setup)
    I2C_Read                                 0x08000b1d   Thumb Code    70  i2c.o(i.I2C_Read)
    I2C_Write                                0x08000b63   Thumb Code    68  i2c.o(i.I2C_Write)
    LCD_WaitBusy                             0x08000ba9   Thumb Code   104  i2c_lcd.o(i.LCD_WaitBusy)
    LCD_Write_Chr                            0x08000c15   Thumb Code    42  i2c_lcd.o(i.LCD_Write_Chr)
    My_I2C_Init                              0x08000c45   Thumb Code     8  i2c.o(i.My_I2C_Init)
    NVIC_Init                                0x08000c4d   Thumb Code   100  misc.o(i.NVIC_Init)
    RCC_APB1PeriphClockCmd                   0x08000cbd   Thumb Code    26  stm32f10x_rcc.o(i.RCC_APB1PeriphClockCmd)
    RCC_APB2PeriphClockCmd                   0x08000cdd   Thumb Code    26  stm32f10x_rcc.o(i.RCC_APB2PeriphClockCmd)
    SCL_0                                    0x08000cfd   Thumb Code    16  i2c.o(i.SCL_0)
    SCL_1                                    0x08000d15   Thumb Code    16  i2c.o(i.SCL_1)
    SDA_0                                    0x08000d2d   Thumb Code    16  i2c.o(i.SDA_0)
    SDA_1                                    0x08000d45   Thumb Code    16  i2c.o(i.SDA_1)
    SDA_VAL                                  0x08000d5d   Thumb Code    24  i2c.o(i.SDA_VAL)
    SystemInit                               0x08000e65   Thumb Code    78  system_stm32f10x.o(i.SystemInit)
    TIM_Cmd                                  0x08000ec5   Thumb Code    24  stm32f10x_tim.o(i.TIM_Cmd)
    TIM_GetCounter                           0x08000edd   Thumb Code     6  stm32f10x_tim.o(i.TIM_GetCounter)
    TIM_SetCounter                           0x08000ee3   Thumb Code     4  stm32f10x_tim.o(i.TIM_SetCounter)
    TIM_TimeBaseInit                         0x08000ee9   Thumb Code   122  stm32f10x_tim.o(i.TIM_TimeBaseInit)
    delay_init                               0x08000f8d   Thumb Code    42  timer.o(i.delay_init)
    delay_us                                 0x08000fb7   Thumb Code    48  timer.o(i.delay_us)
    i2c_init                                 0x08000fe9   Thumb Code    58  i2c.o(i.i2c_init)
    i2c_read                                 0x08001035   Thumb Code   108  i2c.o(i.i2c_read)
    i2c_setup                                0x080010a1   Thumb Code    20  i2c.o(i.i2c_setup)
    i2c_start                                0x080010c5   Thumb Code    44  i2c.o(i.i2c_start)
    i2c_stop                                 0x080010f1   Thumb Code    34  i2c.o(i.i2c_stop)
    i2c_write                                0x08001113   Thumb Code   114  i2c.o(i.i2c_write)
    interrupt_init                           0x08001185   Thumb Code   132  interrupt.o(i.interrupt_init)
    main                                     0x0800120d   Thumb Code  1242  main.o(i.main)
    read_interrupt                           0x080016f5   Thumb Code     6  interrupt.o(i.read_interrupt)
    sqrt                                     0x08001701   Thumb Code    76  sqrt.o(i.sqrt)
    __aeabi_d2f                              0x0800174d   Thumb Code     0  d2f.o(x$fpl$d2f)
    _d2f                                     0x0800174d   Thumb Code    98  d2f.o(x$fpl$d2f)
    __aeabi_ddiv                             0x080017b1   Thumb Code     0  ddiv.o(x$fpl$ddiv)
    _ddiv                                    0x080017b1   Thumb Code   552  ddiv.o(x$fpl$ddiv)
    __aeabi_ui2d                             0x08001a61   Thumb Code     0  dflt_clz.o(x$fpl$dfltu)
    _dfltu                                   0x08001a61   Thumb Code    38  dflt_clz.o(x$fpl$dfltu)
    __fpl_dnaninf                            0x08001a87   Thumb Code   156  dnaninf.o(x$fpl$dnaninf)
    __fpl_dretinf                            0x08001b23   Thumb Code    12  dretinf.o(x$fpl$dretinf)
    _dsqrt                                   0x08001b31   Thumb Code   456  dsqrt_noumaal.o(x$fpl$dsqrt)
    __aeabi_f2d                              0x08001cfd   Thumb Code     0  f2d.o(x$fpl$f2d)
    _f2d                                     0x08001cfd   Thumb Code    86  f2d.o(x$fpl$f2d)
    __aeabi_fadd                             0x08001d55   Thumb Code     0  faddsub_clz.o(x$fpl$fadd)
    _fadd                                    0x08001d55   Thumb Code   196  faddsub_clz.o(x$fpl$fadd)
    __fpl_fcmp_Inf                           0x08001e19   Thumb Code    24  fcmpi.o(x$fpl$fcmpinf)
    __aeabi_fdiv                             0x08001e31   Thumb Code     0  fdiv.o(x$fpl$fdiv)
    _fdiv                                    0x08001e31   Thumb Code   384  fdiv.o(x$fpl$fdiv)
    __aeabi_cfcmple                          0x08001fb5   Thumb Code     0  fleqf.o(x$fpl$fleqf)
    _fcmple                                  0x08001fb5   Thumb Code   104  fleqf.o(x$fpl$fleqf)
    __fpl_fcmple_InfNaN                      0x08002007   Thumb Code     0  fleqf.o(x$fpl$fleqf)
    __aeabi_fmul                             0x0800201d   Thumb Code     0  fmul.o(x$fpl$fmul)
    _fmul                                    0x0800201d   Thumb Code   258  fmul.o(x$fpl$fmul)
    __fpl_fnaninf                            0x0800211f   Thumb Code   140  fnaninf.o(x$fpl$fnaninf)
    __fpl_fretinf                            0x080021ab   Thumb Code    10  fretinf.o(x$fpl$fretinf)
    __aeabi_cfrcmple                         0x080021b5   Thumb Code     0  frleqf.o(x$fpl$frleqf)
    _frcmple                                 0x080021b5   Thumb Code    98  frleqf.o(x$fpl$frleqf)
    __aeabi_fsub                             0x08002219   Thumb Code     0  faddsub_clz.o(x$fpl$fsub)
    _fsub                                    0x08002219   Thumb Code   234  faddsub_clz.o(x$fpl$fsub)
    __I$use$fp                               0x08002302   Number         0  usenofp.o(x$fpl$usenofp)
    Region$$Table$$Base                      0x08002304   Number         0  anon$$obj.o(Region$$Table)
    Region$$Table$$Limit                     0x08002324   Number         0  anon$$obj.o(Region$$Table)
    i                                        0x20000000   Data           4  main.o(.data)
    i2                                       0x20000004   Data           4  main.o(.data)
    mpuData                                  0x2000000c   Data           4  main.o(.data)
    stepCount                                0x20000010   Data           4  main.o(.data)
    previousState                            0x20000014   Data           4  main.o(.data)
    currentState                             0x20000018   Data           4  main.o(.data)
    thresholdHigh                            0x2000001c   Data           4  main.o(.data)
    thresholdLow                             0x20000020   Data           4  main.o(.data)
    accelX                                   0x20000024   Data           4  main.o(.data)
    accelY                                   0x20000028   Data           4  main.o(.data)
    accelZ                                   0x2000002c   Data           4  main.o(.data)
    accelX2                                  0x20000030   Data           4  main.o(.data)
    accelY2                                  0x20000034   Data           4  main.o(.data)
    accelZ2                                  0x20000038   Data           4  main.o(.data)
    magnitude                                0x2000003c   Data           4  main.o(.data)
    couter6050                               0x20000040   Data           4  main.o(.data)
    GPIOx                                    0x20000048   Data           4  i2c.o(.data)
    GPIO_PIN_x                               0x2000004c   Data           2  i2c.o(.data)
    GPIO_PIN_y                               0x2000004e   Data           2  i2c.o(.data)
    RCC_APB2Periph_GPIO_x                    0x20000050   Data           4  i2c.o(.data)
    CTR_datasend                             0x20000068   Data          32  main.o(.bss)
    __libspace_start                         0x20000098   Data          96  libspace.o(.bss)
    __temporary_stack_top$libspace           0x200000f8   Data           0  libspace.o(.bss)



==============================================================================

Memory Map of the image

  Image Entry point : 0x08000191

  Load Region LR_1 (Base: 0x08000000, Size: 0x0000238c, Max: 0xffffffff, ABSOLUTE)

    Execution Region ER_RO (Exec base: 0x08000000, Load base: 0x08000000, Size: 0x00002324, Max: 0xffffffff, ABSOLUTE)

    Exec Addr    Load Addr    Size         Type   Attr      Idx    E Section Name        Object

    0x08000000   0x08000000   0x000000ec   Data   RO         1667    RESET               startup_stm32f10x_ld.o
    0x080000ec   0x080000ec   0x00000008   Code   RO         1752  * !!!main             c_w.l(__main.o)
    0x080000f4   0x080000f4   0x00000034   Code   RO         1980    !!!scatter          c_w.l(__scatter.o)
    0x08000128   0x08000128   0x0000001a   Code   RO         1982    !!handler_copy      c_w.l(__scatter_copy.o)
    0x08000142   0x08000142   0x00000002   PAD
    0x08000144   0x08000144   0x0000001c   Code   RO         1984    !!handler_zi        c_w.l(__scatter_zi.o)
    0x08000160   0x08000160   0x00000000   Code   RO         1749    .ARM.Collect$$_printf_percent$$00000000  c_w.l(_printf_percent.o)
    0x08000160   0x08000160   0x00000006   Code   RO         1748    .ARM.Collect$$_printf_percent$$00000009  c_w.l(_printf_d.o)
    0x08000166   0x08000166   0x00000004   Code   RO         1801    .ARM.Collect$$_printf_percent$$00000017  c_w.l(_printf_percent_end.o)
    0x0800016a   0x0800016a   0x00000002   Code   RO         1853    .ARM.Collect$$libinit$$00000000  c_w.l(libinit.o)
    0x0800016c   0x0800016c   0x00000000   Code   RO         1857    .ARM.Collect$$libinit$$00000002  c_w.l(libinit2.o)
    0x0800016c   0x0800016c   0x00000000   Code   RO         1859    .ARM.Collect$$libinit$$00000004  c_w.l(libinit2.o)
    0x0800016c   0x0800016c   0x00000000   Code   RO         1862    .ARM.Collect$$libinit$$0000000A  c_w.l(libinit2.o)
    0x0800016c   0x0800016c   0x00000000   Code   RO         1864    .ARM.Collect$$libinit$$0000000C  c_w.l(libinit2.o)
    0x0800016c   0x0800016c   0x00000000   Code   RO         1866    .ARM.Collect$$libinit$$0000000E  c_w.l(libinit2.o)
    0x0800016c   0x0800016c   0x00000000   Code   RO         1869    .ARM.Collect$$libinit$$00000011  c_w.l(libinit2.o)
    0x0800016c   0x0800016c   0x00000000   Code   RO         1871    .ARM.Collect$$libinit$$00000013  c_w.l(libinit2.o)
    0x0800016c   0x0800016c   0x00000000   Code   RO         1873    .ARM.Collect$$libinit$$00000015  c_w.l(libinit2.o)
    0x0800016c   0x0800016c   0x00000000   Code   RO         1875    .ARM.Collect$$libinit$$00000017  c_w.l(libinit2.o)
    0x0800016c   0x0800016c   0x00000000   Code   RO         1877    .ARM.Collect$$libinit$$00000019  c_w.l(libinit2.o)
    0x0800016c   0x0800016c   0x00000000   Code   RO         1879    .ARM.Collect$$libinit$$0000001B  c_w.l(libinit2.o)
    0x0800016c   0x0800016c   0x00000000   Code   RO         1881    .ARM.Collect$$libinit$$0000001D  c_w.l(libinit2.o)
    0x0800016c   0x0800016c   0x00000000   Code   RO         1883    .ARM.Collect$$libinit$$0000001F  c_w.l(libinit2.o)
    0x0800016c   0x0800016c   0x00000000   Code   RO         1885    .ARM.Collect$$libinit$$00000021  c_w.l(libinit2.o)
    0x0800016c   0x0800016c   0x00000000   Code   RO         1887    .ARM.Collect$$libinit$$00000023  c_w.l(libinit2.o)
    0x0800016c   0x0800016c   0x00000000   Code   RO         1889    .ARM.Collect$$libinit$$00000025  c_w.l(libinit2.o)
    0x0800016c   0x0800016c   0x00000000   Code   RO         1893    .ARM.Collect$$libinit$$0000002C  c_w.l(libinit2.o)
    0x0800016c   0x0800016c   0x00000000   Code   RO         1895    .ARM.Collect$$libinit$$0000002E  c_w.l(libinit2.o)
    0x0800016c   0x0800016c   0x00000000   Code   RO         1897    .ARM.Collect$$libinit$$00000030  c_w.l(libinit2.o)
    0x0800016c   0x0800016c   0x00000000   Code   RO         1899    .ARM.Collect$$libinit$$00000032  c_w.l(libinit2.o)
    0x0800016c   0x0800016c   0x00000002   Code   RO         1900    .ARM.Collect$$libinit$$00000033  c_w.l(libinit2.o)
    0x0800016e   0x0800016e   0x00000002   Code   RO         1920    .ARM.Collect$$libshutdown$$00000000  c_w.l(libshutdown.o)
    0x08000170   0x08000170   0x00000000   Code   RO         1933    .ARM.Collect$$libshutdown$$00000002  c_w.l(libshutdown2.o)
    0x08000170   0x08000170   0x00000000   Code   RO         1935    .ARM.Collect$$libshutdown$$00000004  c_w.l(libshutdown2.o)
    0x08000170   0x08000170   0x00000000   Code   RO         1938    .ARM.Collect$$libshutdown$$00000007  c_w.l(libshutdown2.o)
    0x08000170   0x08000170   0x00000000   Code   RO         1941    .ARM.Collect$$libshutdown$$0000000A  c_w.l(libshutdown2.o)
    0x08000170   0x08000170   0x00000000   Code   RO         1943    .ARM.Collect$$libshutdown$$0000000C  c_w.l(libshutdown2.o)
    0x08000170   0x08000170   0x00000000   Code   RO         1946    .ARM.Collect$$libshutdown$$0000000F  c_w.l(libshutdown2.o)
    0x08000170   0x08000170   0x00000002   Code   RO         1947    .ARM.Collect$$libshutdown$$00000010  c_w.l(libshutdown2.o)
    0x08000172   0x08000172   0x00000000   Code   RO         1792    .ARM.Collect$$rtentry$$00000000  c_w.l(__rtentry.o)
    0x08000172   0x08000172   0x00000000   Code   RO         1818    .ARM.Collect$$rtentry$$00000002  c_w.l(__rtentry2.o)
    0x08000172   0x08000172   0x00000006   Code   RO         1830    .ARM.Collect$$rtentry$$00000004  c_w.l(__rtentry4.o)
    0x08000178   0x08000178   0x00000000   Code   RO         1820    .ARM.Collect$$rtentry$$00000009  c_w.l(__rtentry2.o)
    0x08000178   0x08000178   0x00000004   Code   RO         1821    .ARM.Collect$$rtentry$$0000000A  c_w.l(__rtentry2.o)
    0x0800017c   0x0800017c   0x00000000   Code   RO         1823    .ARM.Collect$$rtentry$$0000000C  c_w.l(__rtentry2.o)
    0x0800017c   0x0800017c   0x00000008   Code   RO         1824    .ARM.Collect$$rtentry$$0000000D  c_w.l(__rtentry2.o)
    0x08000184   0x08000184   0x00000002   Code   RO         1854    .ARM.Collect$$rtexit$$00000000  c_w.l(rtexit.o)
    0x08000186   0x08000186   0x00000000   Code   RO         1902    .ARM.Collect$$rtexit$$00000002  c_w.l(rtexit2.o)
    0x08000186   0x08000186   0x00000004   Code   RO         1903    .ARM.Collect$$rtexit$$00000003  c_w.l(rtexit2.o)
    0x0800018a   0x0800018a   0x00000006   Code   RO         1904    .ARM.Collect$$rtexit$$00000004  c_w.l(rtexit2.o)
    0x08000190   0x08000190   0x00000040   Code   RO         1668  * .text               startup_stm32f10x_ld.o
    0x080001d0   0x080001d0   0x00000028   Code   RO         1722    .text               c_w.l(noretval__2sprintf.o)
    0x080001f8   0x080001f8   0x00000068   Code   RO         1724    .text               c_w.l(__printf.o)
    0x08000260   0x08000260   0x00000078   Code   RO         1726    .text               c_w.l(_printf_dec.o)
    0x080002d8   0x080002d8   0x00000006   Code   RO         1750    .text               c_w.l(heapauxi.o)
    0x080002de   0x080002de   0x00000016   Code   RO         1793    .text               c_w.l(_rserrno.o)
    0x080002f4   0x080002f4   0x000000b2   Code   RO         1795    .text               c_w.l(_printf_intcommon.o)
    0x080003a6   0x080003a6   0x00000002   PAD
    0x080003a8   0x080003a8   0x00000030   Code   RO         1797    .text               c_w.l(_printf_char_common.o)
    0x080003d8   0x080003d8   0x0000000a   Code   RO         1799    .text               c_w.l(_sputc.o)
    0x080003e2   0x080003e2   0x00000002   PAD
    0x080003e4   0x080003e4   0x00000008   Code   RO         1835    .text               c_w.l(rt_errno_addr_intlibspace.o)
    0x080003ec   0x080003ec   0x00000008   Code   RO         1841    .text               c_w.l(libspace.o)
    0x080003f4   0x080003f4   0x0000004a   Code   RO         1844    .text               c_w.l(sys_stackheap_outer.o)
    0x0800043e   0x0800043e   0x00000012   Code   RO         1846    .text               c_w.l(exit.o)
    0x08000450   0x08000450   0x0000000c   Code   RO         1912    .text               c_w.l(sys_exit.o)
    0x0800045c   0x0800045c   0x00000002   Code   RO         1923    .text               c_w.l(use_no_semi.o)
    0x0800045e   0x0800045e   0x00000000   Code   RO         1925    .text               c_w.l(indicate_semi.o)
    0x0800045e   0x0800045e   0x00000002   PAD
    0x08000460   0x08000460   0x000000e0   Code   RO          401    i.CTR_READ_ACCEL_MPU3050  i2c_6050.o
    0x08000540   0x08000540   0x00000050   Code   RO          153    i.CTR_Single_Read   i2c.o
    0x08000590   0x08000590   0x0000004a   Code   RO          154    i.CTR_Single_Write  i2c.o
    0x080005da   0x080005da   0x00000030   Code   RO          359    i.Delay1Ms          timer.o
    0x0800060a   0x0800060a   0x00000012   Code   RO          360    i.Delay_Ms          timer.o
    0x0800061c   0x0800061c   0x00000060   Code   RO          105    i.EXTI0_IRQHandler  interrupt.o
    0x0800067c   0x0800067c   0x00000050   Code   RO          106    i.EXTI1_IRQHandler  interrupt.o
    0x080006cc   0x080006cc   0x0000000c   Code   RO          489    i.EXTI_ClearITPendingBit  stm32f10x_exti.o
    0x080006d8   0x080006d8   0x00000028   Code   RO          493    i.EXTI_GetITStatus  stm32f10x_exti.o
    0x08000700   0x08000700   0x00000094   Code   RO          494    i.EXTI_Init         stm32f10x_exti.o
    0x08000794   0x08000794   0x00000040   Code   RO          557    i.GPIO_EXTILineConfig  stm32f10x_gpio.o
    0x080007d4   0x080007d4   0x00000116   Code   RO          560    i.GPIO_Init         stm32f10x_gpio.o
    0x080008ea   0x080008ea   0x00000012   Code   RO          564    i.GPIO_ReadInputDataBit  stm32f10x_gpio.o
    0x080008fc   0x080008fc   0x00000004   Code   RO          567    i.GPIO_ResetBits    stm32f10x_gpio.o
    0x08000900   0x08000900   0x00000004   Code   RO          568    i.GPIO_SetBits      stm32f10x_gpio.o
    0x08000904   0x08000904   0x00000020   Code   RO          276    i.I2C_LCD_BackLight  i2c_lcd.o
    0x08000924   0x08000924   0x0000000a   Code   RO          277    i.I2C_LCD_Clear     i2c_lcd.o
    0x0800092e   0x0800092e   0x00000002   PAD
    0x08000930   0x08000930   0x0000003c   Code   RO          278    i.I2C_LCD_FlushVal  i2c_lcd.o
    0x0800096c   0x0800096c   0x00000084   Code   RO          279    i.I2C_LCD_Init      i2c_lcd.o
    0x080009f0   0x080009f0   0x0000000a   Code   RO          280    i.I2C_LCD_NewLine   i2c_lcd.o
    0x080009fa   0x080009fa   0x0000001c   Code   RO          281    i.I2C_LCD_Puts      i2c_lcd.o
    0x08000a16   0x08000a16   0x00000002   PAD
    0x08000a18   0x08000a18   0x00000014   Code   RO          282    i.I2C_LCD_Setup     i2c_lcd.o
    0x08000a2c   0x08000a2c   0x00000030   Code   RO          283    i.I2C_LCD_WriteCmd  i2c_lcd.o
    0x08000a5c   0x08000a5c   0x00000070   Code   RO          284    i.I2C_LCD_Write_4bit  i2c_lcd.o
    0x08000acc   0x08000acc   0x0000003a   Code   RO          402    i.I2C_MPU6050_Init  i2c_6050.o
    0x08000b06   0x08000b06   0x00000002   PAD
    0x08000b08   0x08000b08   0x00000014   Code   RO          403    i.I2C_MPU6050_Setup  i2c_6050.o
    0x08000b1c   0x08000b1c   0x00000046   Code   RO          155    i.I2C_Read          i2c.o
    0x08000b62   0x08000b62   0x00000044   Code   RO          156    i.I2C_Write         i2c.o
    0x08000ba6   0x08000ba6   0x00000002   PAD
    0x08000ba8   0x08000ba8   0x0000006c   Code   RO          285    i.LCD_WaitBusy      i2c_lcd.o
    0x08000c14   0x08000c14   0x00000030   Code   RO          286    i.LCD_Write_Chr     i2c_lcd.o
    0x08000c44   0x08000c44   0x00000008   Code   RO          157    i.My_I2C_Init       i2c.o
    0x08000c4c   0x08000c4c   0x00000070   Code   RO          440    i.NVIC_Init         misc.o
    0x08000cbc   0x08000cbc   0x00000020   Code   RO          898    i.RCC_APB1PeriphClockCmd  stm32f10x_rcc.o
    0x08000cdc   0x08000cdc   0x00000020   Code   RO          900    i.RCC_APB2PeriphClockCmd  stm32f10x_rcc.o
    0x08000cfc   0x08000cfc   0x00000018   Code   RO          158    i.SCL_0             i2c.o
    0x08000d14   0x08000d14   0x00000018   Code   RO          159    i.SCL_1             i2c.o
    0x08000d2c   0x08000d2c   0x00000018   Code   RO          160    i.SDA_0             i2c.o
    0x08000d44   0x08000d44   0x00000018   Code   RO          161    i.SDA_1             i2c.o
    0x08000d5c   0x08000d5c   0x00000020   Code   RO          162    i.SDA_VAL           i2c.o
    0x08000d7c   0x08000d7c   0x00000008   Code   RO         1675    i.SetSysClock       system_stm32f10x.o
    0x08000d84   0x08000d84   0x000000e0   Code   RO         1676    i.SetSysClockTo72   system_stm32f10x.o
    0x08000e64   0x08000e64   0x00000060   Code   RO         1678    i.SystemInit        system_stm32f10x.o
    0x08000ec4   0x08000ec4   0x00000018   Code   RO         1124    i.TIM_Cmd           stm32f10x_tim.o
    0x08000edc   0x08000edc   0x00000006   Code   RO         1143    i.TIM_GetCounter    stm32f10x_tim.o
    0x08000ee2   0x08000ee2   0x00000004   Code   RO         1189    i.TIM_SetCounter    stm32f10x_tim.o
    0x08000ee6   0x08000ee6   0x00000002   PAD
    0x08000ee8   0x08000ee8   0x000000a4   Code   RO         1195    i.TIM_TimeBaseInit  stm32f10x_tim.o
    0x08000f8c   0x08000f8c   0x0000002a   Code   RO          361    i.delay_init        timer.o
    0x08000fb6   0x08000fb6   0x00000030   Code   RO          362    i.delay_us          timer.o
    0x08000fe6   0x08000fe6   0x00000002   PAD
    0x08000fe8   0x08000fe8   0x0000004c   Code   RO          163    i.i2c_init          i2c.o
    0x08001034   0x08001034   0x0000006c   Code   RO          165    i.i2c_read          i2c.o
    0x080010a0   0x080010a0   0x00000024   Code   RO          166    i.i2c_setup         i2c.o
    0x080010c4   0x080010c4   0x0000002c   Code   RO          167    i.i2c_start         i2c.o
    0x080010f0   0x080010f0   0x00000022   Code   RO          168    i.i2c_stop          i2c.o
    0x08001112   0x08001112   0x00000072   Code   RO          169    i.i2c_write         i2c.o
    0x08001184   0x08001184   0x00000088   Code   RO          107    i.interrupt_init    interrupt.o
    0x0800120c   0x0800120c   0x000004e8   Code   RO            4    i.main              main.o
    0x080016f4   0x080016f4   0x0000000c   Code   RO          108    i.read_interrupt    interrupt.o
    0x08001700   0x08001700   0x0000004c   Code   RO         1785    i.sqrt              m_ws.l(sqrt.o)
    0x0800174c   0x0800174c   0x00000062   Code   RO         1754    x$fpl$d2f           fz_ws.l(d2f.o)
    0x080017ae   0x080017ae   0x00000002   PAD
    0x080017b0   0x080017b0   0x000002b0   Code   RO         1757    x$fpl$ddiv          fz_ws.l(ddiv.o)
    0x08001a60   0x08001a60   0x00000026   Code   RO         1760    x$fpl$dfltu         fz_ws.l(dflt_clz.o)
    0x08001a86   0x08001a86   0x0000009c   Code   RO         1804    x$fpl$dnaninf       fz_ws.l(dnaninf.o)
    0x08001b22   0x08001b22   0x0000000c   Code   RO         1806    x$fpl$dretinf       fz_ws.l(dretinf.o)
    0x08001b2e   0x08001b2e   0x00000002   PAD
    0x08001b30   0x08001b30   0x000001cc   Code   RO         1808    x$fpl$dsqrt         fz_ws.l(dsqrt_noumaal.o)
    0x08001cfc   0x08001cfc   0x00000056   Code   RO         1766    x$fpl$f2d           fz_ws.l(f2d.o)
    0x08001d52   0x08001d52   0x00000002   PAD
    0x08001d54   0x08001d54   0x000000c4   Code   RO         1768    x$fpl$fadd          fz_ws.l(faddsub_clz.o)
    0x08001e18   0x08001e18   0x00000018   Code   RO         1810    x$fpl$fcmpinf       fz_ws.l(fcmpi.o)
    0x08001e30   0x08001e30   0x00000184   Code   RO         1775    x$fpl$fdiv          fz_ws.l(fdiv.o)
    0x08001fb4   0x08001fb4   0x00000068   Code   RO         1778    x$fpl$fleqf         fz_ws.l(fleqf.o)
    0x0800201c   0x0800201c   0x00000102   Code   RO         1780    x$fpl$fmul          fz_ws.l(fmul.o)
    0x0800211e   0x0800211e   0x0000008c   Code   RO         1812    x$fpl$fnaninf       fz_ws.l(fnaninf.o)
    0x080021aa   0x080021aa   0x0000000a   Code   RO         1814    x$fpl$fretinf       fz_ws.l(fretinf.o)
    0x080021b4   0x080021b4   0x00000062   Code   RO         1782    x$fpl$frleqf        fz_ws.l(frleqf.o)
    0x08002216   0x08002216   0x00000002   PAD
    0x08002218   0x08002218   0x000000ea   Code   RO         1770    x$fpl$fsub          fz_ws.l(faddsub_clz.o)
    0x08002302   0x08002302   0x00000000   Code   RO         1816    x$fpl$usenofp       fz_ws.l(usenofp.o)
    0x08002302   0x08002302   0x00000002   PAD
    0x08002304   0x08002304   0x00000020   Data   RO         1978    Region$$Table       anon$$obj.o


    Execution Region ER_RW (Exec base: 0x20000000, Load base: 0x08002324, Size: 0x00000068, Max: 0xffffffff, ABSOLUTE)

    Exec Addr    Load Addr    Size         Type   Attr      Idx    E Section Name        Object

    0x20000000   0x08002324   0x00000044   Data   RW            6    .data               main.o
    0x20000044   0x08002368   0x00000001   Data   RW          109    .data               interrupt.o
    0x20000045   0x08002369   0x00000003   PAD
    0x20000048   0x0800236c   0x0000000c   Data   RW          170    .data               i2c.o
    0x20000054   0x08002378   0x00000009   Data   RW          287    .data               i2c_lcd.o
    0x2000005d   0x08002381   0x00000001   PAD
    0x2000005e   0x08002382   0x0000000a   Data   RW          405    .data               i2c_6050.o


    Execution Region ER_ZI (Exec base: 0x20000068, Load base: 0x0800238c, Size: 0x00000690, Max: 0xffffffff, ABSOLUTE)

    Exec Addr    Load Addr    Size         Type   Attr      Idx    E Section Name        Object

    0x20000068        -       0x00000020   Zero   RW            5    .bss                main.o
    0x20000088        -       0x00000010   Zero   RW          404    .bss                i2c_6050.o
    0x20000098        -       0x00000060   Zero   RW         1842    .bss                c_w.l(libspace.o)
    0x200000f8        -       0x00000200   Zero   RW         1666    HEAP                startup_stm32f10x_ld.o
    0x200002f8        -       0x00000400   Zero   RW         1665    STACK               startup_stm32f10x_ld.o


==============================================================================

Image component sizes


      Code (inc. data)   RO Data    RW Data    ZI Data      Debug   Object Name

       840         74          0         12          0       8313   i2c.o
       302         20          0         10         16       1824   i2c_6050.o
       608         44          0          9          0       5335   i2c_lcd.o
       324         22          0          1          0      27735   interrupt.o
      1256        130          0         68         32     242577   main.o
       112         12          0          0          0       1260   misc.o
        64         26        236          0       1536        784   startup_stm32f10x_ld.o
       200         18          0          0          0       2416   stm32f10x_exti.o
       368          4          0          0          0       4650   stm32f10x_gpio.o
        64         12          0          0          0       1210   stm32f10x_rcc.o
       198         42          0          0          0       3159   stm32f10x_tim.o
       328         28          0          0          0       1965   system_stm32f10x.o
       156          0          0          0          0       1642   timer.o

    ----------------------------------------------------------------------
      4832        432        268        104       1584     302870   Object Totals
         0          0         32          0          0          0   (incl. Generated)
        12          0          0          4          0          0   (incl. Padding)

    ----------------------------------------------------------------------

      Code (inc. data)   RO Data    RW Data    ZI Data      Debug   Library Member Name

         8          0          0          0          0         68   __main.o
       104          0          0          0          0         84   __printf.o
         0          0          0          0          0          0   __rtentry.o
        12          0          0          0          0          0   __rtentry2.o
         6          0          0          0          0          0   __rtentry4.o
        52          8          0          0          0          0   __scatter.o
        26          0          0          0          0          0   __scatter_copy.o
        28          0          0          0          0          0   __scatter_zi.o
        48          6          0          0          0         96   _printf_char_common.o
         6          0          0          0          0          0   _printf_d.o
       120         16          0          0          0         92   _printf_dec.o
       178          0          0          0          0         88   _printf_intcommon.o
         0          0          0          0          0          0   _printf_percent.o
         4          0          0          0          0          0   _printf_percent_end.o
        22          0          0          0          0        100   _rserrno.o
        10          0          0          0          0         68   _sputc.o
        18          0          0          0          0         80   exit.o
         6          0          0          0          0        152   heapauxi.o
         0          0          0          0          0          0   indicate_semi.o
         2          0          0          0          0          0   libinit.o
         2          0          0          0          0          0   libinit2.o
         2          0          0          0          0          0   libshutdown.o
         2          0          0          0          0          0   libshutdown2.o
         8          4          0          0         96         68   libspace.o
        40          6          0          0          0         84   noretval__2sprintf.o
         8          4          0          0          0         68   rt_errno_addr_intlibspace.o
         2          0          0          0          0          0   rtexit.o
        10          0          0          0          0          0   rtexit2.o
        12          4          0          0          0         68   sys_exit.o
        74          0          0          0          0         80   sys_stackheap_outer.o
         2          0          0          0          0         68   use_no_semi.o
        98          4          0          0          0         92   d2f.o
       688        140          0          0          0        208   ddiv.o
        38          0          0          0          0         68   dflt_clz.o
       156          4          0          0          0         92   dnaninf.o
        12          0          0          0          0         68   dretinf.o
       460         56          0          0          0        120   dsqrt_noumaal.o
        86          4          0          0          0         84   f2d.o
       430          8          0          0          0        168   faddsub_clz.o
        24          0          0          0          0         68   fcmpi.o
       388         76          0          0          0         96   fdiv.o
       104          4          0          0          0         84   fleqf.o
       258          4          0          0          0         84   fmul.o
       140          4          0          0          0         84   fnaninf.o
        10          0          0          0          0         68   fretinf.o
        98          0          0          0          0         68   frleqf.o
         0          0          0          0          0          0   usenofp.o
        76          0          0          0          0         84   sqrt.o

    ----------------------------------------------------------------------
      3896        352          0          0         96       2800   Library Totals
        18          0          0          0          0          0   (incl. Padding)

    ----------------------------------------------------------------------

      Code (inc. data)   RO Data    RW Data    ZI Data      Debug   Library Name

       812         48          0          0         96       1264   c_w.l
      2990        304          0          0          0       1452   fz_ws.l
        76          0          0          0          0         84   m_ws.l

    ----------------------------------------------------------------------
      3896        352          0          0         96       2800   Library Totals

    ----------------------------------------------------------------------

==============================================================================


      Code (inc. data)   RO Data    RW Data    ZI Data      Debug   

      8728        784        268        104       1680     301402   Grand Totals
      8728        784        268        104       1680     301402   ELF Image Totals
      8728        784        268        104          0          0   ROM Totals

==============================================================================

    Total RO  Size (Code + RO Data)                 8996 (   8.79kB)
    Total RW  Size (RW Data + ZI Data)              1784 (   1.74kB)
    Total ROM Size (Code + RO Data + RW Data)       9100 (   8.89kB)

==============================================================================

